Component: ARM Compiler 6.16 Tool: armlink [5dfeaa00]

==============================================================================

Section Cross References

    startup_stm32f407xx.o(STACK) refers (Special) to heapauxi.o(.text) for __use_two_region_memory
    startup_stm32f407xx.o(HEAP) refers (Special) to heapauxi.o(.text) for __use_two_region_memory
    startup_stm32f407xx.o(RESET) refers (Special) to heapauxi.o(.text) for __use_two_region_memory
    startup_stm32f407xx.o(RESET) refers to startup_stm32f407xx.o(STACK) for __initial_sp
    startup_stm32f407xx.o(RESET) refers to startup_stm32f407xx.o(.text) for Reset_Handler
    startup_stm32f407xx.o(RESET) refers to stm32f4xx_it.o(.text.NMI_Handler) for NMI_Handler
    startup_stm32f407xx.o(RESET) refers to stm32f4xx_it.o(.text.HardFault_Handler) for HardFault_Handler
    startup_stm32f407xx.o(RESET) refers to stm32f4xx_it.o(.text.MemManage_Handler) for MemManage_Handler
    startup_stm32f407xx.o(RESET) refers to stm32f4xx_it.o(.text.BusFault_Handler) for BusFault_Handler
    startup_stm32f407xx.o(RESET) refers to stm32f4xx_it.o(.text.UsageFault_Handler) for UsageFault_Handler
    startup_stm32f407xx.o(RESET) refers to stm32f4xx_it.o(.text.SVC_Handler) for SVC_Handler
    startup_stm32f407xx.o(RESET) refers to stm32f4xx_it.o(.text.DebugMon_Handler) for DebugMon_Handler
    startup_stm32f407xx.o(RESET) refers to stm32f4xx_it.o(.text.PendSV_Handler) for PendSV_Handler
    startup_stm32f407xx.o(RESET) refers to stm32f4xx_it.o(.text.SysTick_Handler) for SysTick_Handler
    startup_stm32f407xx.o(RESET) refers to stm32f4xx_it.o(.text.USART1_IRQHandler) for USART1_IRQHandler
    startup_stm32f407xx.o(RESET) refers to stm32f4xx_it.o(.text.TIM6_DAC_IRQHandler) for TIM6_DAC_IRQHandler
    startup_stm32f407xx.o(RESET) refers to stm32f4xx_it.o(.text.DMA2_Stream2_IRQHandler) for DMA2_Stream2_IRQHandler
    startup_stm32f407xx.o(.text) refers (Special) to heapauxi.o(.text) for __use_two_region_memory
    startup_stm32f407xx.o(.text) refers to system_stm32f4xx.o(.text.SystemInit) for SystemInit
    startup_stm32f407xx.o(.text) refers to __main.o(!!!main) for __main
    startup_stm32f407xx.o(.text) refers to startup_stm32f407xx.o(HEAP) for Heap_Mem
    startup_stm32f407xx.o(.text) refers to startup_stm32f407xx.o(STACK) for Stack_Mem
    main.o(.text.main) refers to stm32f4xx_hal.o(.text.HAL_Init) for HAL_Init
    main.o(.text.main) refers to main.o(.text.SystemClock_Config) for SystemClock_Config
    main.o(.text.main) refers to gpio.o(.text.MX_GPIO_Init) for MX_GPIO_Init
    main.o(.text.main) refers to dma.o(.text.MX_DMA_Init) for MX_DMA_Init
    main.o(.text.main) refers to spi.o(.text.MX_SPI3_Init) for MX_SPI3_Init
    main.o(.text.main) refers to tim.o(.text.MX_TIM3_Init) for MX_TIM3_Init
    main.o(.text.main) refers to usart.o(.text.MX_USART1_UART_Init) for MX_USART1_UART_Init
    main.o(.text.main) refers to tim.o(.text.MX_TIM6_Init) for MX_TIM6_Init
    main.o(.text.main) refers to main.o(.text.User_Init) for User_Init
    main.o(.text.main) refers to flowcelltemp.o(.bss.TempControl_Running) for TempControl_Running
    main.o(.text.main) refers to main.o(.bss.tim6_tick) for tim6_tick
    main.o(.text.main) refers to stm32f4xx_hal_gpio.o(.text.HAL_GPIO_ReadPin) for HAL_GPIO_ReadPin
    main.o(.text.main) refers to stm32f4xx_hal.o(.text.HAL_Delay) for HAL_Delay
    main.o(.text.main) refers to flowcelltemp.o(.text.FlowcellTemp_OFF) for FlowcellTemp_OFF
    main.o(.text.main) refers to flowcelltemp.o(.text.FlowcellTemp_ON) for FlowcellTemp_ON
    main.o(.text.main) refers to stm32f4xx_hal_gpio.o(.text.HAL_GPIO_TogglePin) for HAL_GPIO_TogglePin
    main.o(.text.main) refers to main.o(.text.loop_process_200ms) for loop_process_200ms
    main.o(.text.main) refers to main.o(.text.loop_process_1000ms) for loop_process_1000ms
    main.o(.ARM.exidx.text.main) refers to main.o(.text.main) for [Anonymous Symbol]
    main.o(.text.SystemClock_Config) refers to rt_memclr_w.o(.text) for __aeabi_memclr4
    main.o(.text.SystemClock_Config) refers to stm32f4xx_hal_rcc.o(.text.HAL_RCC_OscConfig) for HAL_RCC_OscConfig
    main.o(.text.SystemClock_Config) refers to stm32f4xx_hal_rcc.o(.text.HAL_RCC_ClockConfig) for HAL_RCC_ClockConfig
    main.o(.text.SystemClock_Config) refers to main.o(.text.Error_Handler) for Error_Handler
    main.o(.ARM.exidx.text.SystemClock_Config) refers to main.o(.text.SystemClock_Config) for [Anonymous Symbol]
    main.o(.ARM.exidx.text.Error_Handler) refers to main.o(.text.Error_Handler) for [Anonymous Symbol]
    main.o(.text.HAL_TIM_PeriodElapsedCallback) refers to main.o(.bss.tim6_tick) for tim6_tick
    main.o(.ARM.exidx.text.HAL_TIM_PeriodElapsedCallback) refers to main.o(.text.HAL_TIM_PeriodElapsedCallback) for [Anonymous Symbol]
    main.o(.text.User_Init) refers to tim.o(.bss.htim6) for htim6
    main.o(.text.User_Init) refers to stm32f4xx_hal_tim.o(.text.HAL_TIM_Base_Start_IT) for HAL_TIM_Base_Start_IT
[...]
    [Anonymous Symbol]                       0x08000d10   Section        0  stm32f4xx_hal_cortex.o(.text.HAL_NVIC_SetPriorityGrouping)
    [Anonymous Symbol]                       0x08000d18   Section        0  stm32f4xx_hal_rcc.o(.text.HAL_RCC_ClockConfig)
    [Anonymous Symbol]                       0x08000e78   Section        0  stm32f4xx_hal_rcc.o(.text.HAL_RCC_GetHCLKFreq)
    [Anonymous Symbol]                       0x08000e84   Section        0  stm32f4xx_hal_rcc.o(.text.HAL_RCC_GetPCLK1Freq)
    [Anonymous Symbol]                       0x08000ea8   Section        0  stm32f4xx_hal_rcc.o(.text.HAL_RCC_GetPCLK2Freq)
    [Anonymous Symbol]                       0x08000ecc   Section        0  stm32f4xx_hal_rcc.o(.text.HAL_RCC_GetSysClockFreq)
    [Anonymous Symbol]                       0x08000f38   Section        0  stm32f4xx_hal_rcc.o(.text.HAL_RCC_OscConfig)
    [Anonymous Symbol]                       0x08001280   Section        0  stm32f4xx_hal_spi.o(.text.HAL_SPI_Init)
    [Anonymous Symbol]                       0x08001334   Section        0  spi.o(.text.HAL_SPI_MspInit)
    [Anonymous Symbol]                       0x080013e0   Section        0  stm32f4xx_hal_spi.o(.text.HAL_SPI_Transmit)
    [Anonymous Symbol]                       0x0800155c   Section        0  stm32f4xx_hal_spi.o(.text.HAL_SPI_TransmitReceive)
    [Anonymous Symbol]                       0x08001740   Section        0  stm32f4xx_hal_cortex.o(.text.HAL_SYSTICK_Config)
    [Anonymous Symbol]                       0x08001748   Section        0  stm32f4xx_hal_tim_ex.o(.text.HAL_TIMEx_BreakCallback)
    [Anonymous Symbol]                       0x0800174c   Section        0  stm32f4xx_hal_tim_ex.o(.text.HAL_TIMEx_CommutCallback)
    [Anonymous Symbol]                       0x08001750   Section        0  stm32f4xx_hal_tim_ex.o(.text.HAL_TIMEx_MasterConfigSynchronization)
    [Anonymous Symbol]                       0x08001808   Section        0  stm32f4xx_hal_tim.o(.text.HAL_TIM_Base_Init)
    [Anonymous Symbol]                       0x08001864   Section        0  tim.o(.text.HAL_TIM_Base_MspInit)
    [Anonymous Symbol]                       0x080018d8   Section        0  stm32f4xx_hal_tim.o(.text.HAL_TIM_Base_Start_IT)
    [Anonymous Symbol]                       0x08001980   Section        0  stm32f4xx_hal_tim.o(.text.HAL_TIM_ConfigClockSource)
    [Anonymous Symbol]                       0x08001a60   Section        0  stm32f4xx_hal_tim.o(.text.HAL_TIM_IC_CaptureCallback)
    [Anonymous Symbol]                       0x08001a64   Section        0  stm32f4xx_hal_tim.o(.text.HAL_TIM_IRQHandler)
    [Anonymous Symbol]                       0x08001bd0   Section        0  tim.o(.text.HAL_TIM_MspPostInit)
    [Anonymous Symbol]                       0x08001c2c   Section        0  stm32f4xx_hal_tim.o(.text.HAL_TIM_OC_DelayElapsedCallback)
    [Anonymous Symbol]                       0x08001c30   Section        0  stm32f4xx_hal_tim.o(.text.HAL_TIM_PWM_ConfigChannel)
    [Anonymous Symbol]                       0x08001cc8   Section        0  stm32f4xx_hal_tim.o(.text.HAL_TIM_PWM_Init)
    [Anonymous Symbol]                       0x08001d24   Section        0  stm32f4xx_hal_tim.o(.text.HAL_TIM_PWM_MspInit)
    [Anonymous Symbol]                       0x08001d28   Section        0  stm32f4xx_hal_tim.o(.text.HAL_TIM_PWM_PulseFinishedCallback)
    [Anonymous Symbol]                       0x08001d2c   Section        0  stm32f4xx_hal_tim.o(.text.HAL_TIM_PWM_Start)
    [Anonymous Symbol]                       0x08001e50   Section        0  stm32f4xx_hal_tim.o(.text.HAL_TIM_PWM_Stop)
    [Anonymous Symbol]                       0x08001ed4   Section        0  main.o(.text.HAL_TIM_PeriodElapsedCallback)
    [Anonymous Symbol]                       0x08001ef4   Section        0  stm32f4xx_hal_tim.o(.text.HAL_TIM_TriggerCallback)
    [Anonymous Symbol]                       0x08001ef8   Section        0  stm32f4xx_hal_uart.o(.text.HAL_UARTEx_RxEventCallback)
    [Anonymous Symbol]                       0x08001efc   Section        0  stm32f4xx_hal_uart.o(.text.HAL_UART_ErrorCallback)
    [Anonymous Symbol]                       0x08001f00   Section        0  stm32f4xx_hal_uart.o(.text.HAL_UART_IRQHandler)
    [Anonymous Symbol]                       0x0800213c   Section        0  stm32f4xx_hal_uart.o(.text.HAL_UART_Init)
    [Anonymous Symbol]                       0x0800219c   Section        0  usart.o(.text.HAL_UART_MspInit)
    [Anonymous Symbol]                       0x08002264   Section        0  stm32f4xx_hal_uart.o(.text.HAL_UART_Receive_DMA)
    [Anonymous Symbol]                       0x0800229c   Section        0  serial.o(.text.HAL_UART_RxCpltCallback)
    [Anonymous Symbol]                       0x080022bc   Section        0  stm32f4xx_hal_uart.o(.text.HAL_UART_RxHalfCpltCallback)
    [Anonymous Symbol]                       0x080022c0   Section        0  stm32f4xx_hal_uart.o(.text.HAL_UART_Transmit)
    [Anonymous Symbol]                       0x0800238c   Section        0  stm32f4xx_hal_uart.o(.text.HAL_UART_TxCpltCallback)
    [Anonymous Symbol]                       0x08002390   Section        0  stm32f4xx_it.o(.text.HardFault_Handler)
    [Anonymous Symbol]                       0x08002394   Section        0  dma.o(.text.MX_DMA_Init)
    [Anonymous Symbol]                       0x080023cc   Section        0  gpio.o(.text.MX_GPIO_Init)
    [Anonymous Symbol]                       0x0800248c   Section        0  spi.o(.text.MX_SPI3_Init)
    [Anonymous Symbol]                       0x080024d4   Section        0  tim.o(.text.MX_TIM3_Init)
    [Anonymous Symbol]                       0x080025a4   Section        0  tim.o(.text.MX_TIM6_Init)
    [Anonymous Symbol]                       0x080025f8   Section        0  usart.o(.text.MX_USART1_UART_Init)
    [Anonymous Symbol]                       0x08002630   Section        0  max31865.o(.text.Max31865_autoConvert)
    [Anonymous Symbol]                       0x08002658   Section        0  max31865.o(.text.Max31865_clearFault)
    [Anonymous Symbol]                       0x08002674   Section        0  max31865.o(.text.Max31865_delay)
    [Anonymous Symbol]                       0x0800267c   Section        0  max31865.o(.text.Max31865_enableBias)
    [Anonymous Symbol]                       0x080026a4   Section        0  max31865.o(.text.Max31865_init)
    [Anonymous Symbol]                       0x0800270c   Section        0  max31865.o(.text.Max31865_readFault)
    [Anonymous Symbol]                       0x08002718   Section        0  max31865.o(.text.Max31865_readRTD)
    [Anonymous Symbol]                       0x08002754   Section        0  max31865.o(.text.Max31865_readRegister16)
    [Anonymous Symbol]                       0x08002774   Section        0  max31865.o(.text.Max31865_readRegister8)
    [Anonymous Symbol]                       0x08002790   Section        0  max31865.o(.text.Max31865_readRegisterN)
    [Anonymous Symbol]                       0x08002800   Section        0  max31865.o(.text.Max31865_readTemp)
    [Anonymous Symbol]                       0x080029e4   Section        0  max31865.o(.text.Max31865_setFilter)
    [Anonymous Symbol]                       0x08002a0c   Section        0  max31865.o(.text.Max31865_setWires)
    [Anonymous Symbol]                       0x08002a34   Section        0  max31865.o(.text.Max31865_writeRegister8)
    [Anonymous Symbol]                       0x08002a84   Section        0  stm32f4xx_it.o(.text.MemManage_Handler)
    [Anonymous Symbol]                       0x08002a88   Section        0  stm32f4xx_it.o(.text.NMI_Handler)
    NVIC_EncodePriority                      0x08002a8d   Thumb Code    44  stm32f4xx_hal_cortex.o(.text.NVIC_EncodePriority)
    [Anonymous Symbol]                       0x08002a8c   Section        0  stm32f4xx_hal_cortex.o(.text.NVIC_EncodePriority)
    [Anonymous Symbol]                       0x08002ab8   Section        0  stm32f4xx_it.o(.text.PendSV_Handler)
    [Anonymous Symbol]                       0x08002abc   Section        0  serial.o(.text.ProcessReceiveCommand)
    SPI_EndRxTxTransaction                   0x08002b29   Thumb Code   100  stm32f4xx_hal_spi.o(.text.SPI_EndRxTxTransaction)
    [Anonymous Symbol]                       0x08002b28   Section        0  stm32f4xx_hal_spi.o(.text.SPI_EndRxTxTransaction)
    SPI_WaitFlagStateUntilTimeout            0x08002b8d   Thumb Code   206  stm32f4xx_hal_spi.o(.text.SPI_WaitFlagStateUntilTimeout)
    [Anonymous Symbol]                       0x08002b8c   Section        0  stm32f4xx_hal_spi.o(.text.SPI_WaitFlagStateUntilTimeout)
    [Anonymous Symbol]                       0x08002c5c   Section        0  stm32f4xx_it.o(.text.SVC_Handler)
    [Anonymous Symbol]                       0x08002c60   Section        0  serial.o(.text.Send_CurrentTemperatureToPC)
    [Anonymous Symbol]                       0x08002cb8   Section        0  serial.o(.text.SerialConnect_Init)
    SysTick_Config                           0x08002cd5   Thumb Code    46  stm32f4xx_hal_cortex.o(.text.SysTick_Config)
    [Anonymous Symbol]                       0x08002cd4   Section        0  stm32f4xx_hal_cortex.o(.text.SysTick_Config)
    [Anonymous Symbol]                       0x08002d04   Section        0  stm32f4xx_it.o(.text.SysTick_Handler)
    [Anonymous Symbol]                       0x08002d0c   Section        0  main.o(.text.SystemClock_Config)
    [Anonymous Symbol]                       0x08002dac   Section        0  system_stm32f4xx.o(.text.SystemInit)
    [Anonymous Symbol]                       0x08002dc0   Section        0  stm32f4xx_it.o(.text.TIM6_DAC_IRQHandler)
    [Anonymous Symbol]                       0x08002dd0   Section        0  stm32f4xx_hal_tim.o(.text.TIM_Base_SetConfig)
    [Anonymous Symbol]                       0x08002ef4   Section        0  stm32f4xx_hal_tim.o(.text.TIM_CCxChannelCmd)
    [Anonymous Symbol]                       0x08002f18   Section        0  stm32f4xx_hal_tim.o(.text.TIM_ETR_SetConfig)
    TIM_ITRx_SetConfig                       0x08002f31   Thumb Code    16  stm32f4xx_hal_tim.o(.text.TIM_ITRx_SetConfig)
    [Anonymous Symbol]                       0x08002f30   Section        0  stm32f4xx_hal_tim.o(.text.TIM_ITRx_SetConfig)
    TIM_OC1_SetConfig                        0x08002f41   Thumb Code   100  stm32f4xx_hal_tim.o(.text.TIM_OC1_SetConfig)
    [Anonymous Symbol]                       0x08002f40   Section        0  stm32f4xx_hal_tim.o(.text.TIM_OC1_SetConfig)
    [Anonymous Symbol]                       0x08002fa4   Section        0  stm32f4xx_hal_tim.o(.text.TIM_OC2_SetConfig)
    TIM_OC3_SetConfig                        0x08003011   Thumb Code   104  stm32f4xx_hal_tim.o(.text.TIM_OC3_SetConfig)
    [Anonymous Symbol]                       0x08003010   Section        0  stm32f4xx_hal_tim.o(.text.TIM_OC3_SetConfig)
    TIM_OC4_SetConfig                        0x08003079   Thumb Code    78  stm32f4xx_hal_tim.o(.text.TIM_OC4_SetConfig)
    [Anonymous Symbol]                       0x08003078   Section        0  stm32f4xx_hal_tim.o(.text.TIM_OC4_SetConfig)
    TIM_TI1_ConfigInputStage                 0x080030c9   Thumb Code    34  stm32f4xx_hal_tim.o(.text.TIM_TI1_ConfigInputStage)
    [Anonymous Symbol]                       0x080030c8   Section        0  stm32f4xx_hal_tim.o(.text.TIM_TI1_ConfigInputStage)
    TIM_TI2_ConfigInputStage                 0x080030ed   Thumb Code    36  stm32f4xx_hal_tim.o(.text.TIM_TI2_ConfigInputStage)
    [Anonymous Symbol]                       0x080030ec   Section        0  stm32f4xx_hal_tim.o(.text.TIM_TI2_ConfigInputStage)
    UART_DMAAbortOnError                     0x08003111   Thumb Code    16  stm32f4xx_hal_uart.o(.text.UART_DMAAbortOnError)
    [Anonymous Symbol]                       0x08003110   Section        0  stm32f4xx_hal_uart.o(.text.UART_DMAAbortOnError)
    UART_DMAError                            0x08003121   Thumb Code    76  stm32f4xx_hal_uart.o(.text.UART_DMAError)
    [Anonymous Symbol]                       0x08003120   Section        0  stm32f4xx_hal_uart.o(.text.UART_DMAError)
    UART_DMAReceiveCplt                      0x0800316d   Thumb Code   128  stm32f4xx_hal_uart.o(.text.UART_DMAReceiveCplt)
    [Anonymous Symbol]                       0x0800316c   Section        0  stm32f4xx_hal_uart.o(.text.UART_DMAReceiveCplt)
    UART_DMARxHalfCplt                       0x080031ed   Thumb Code    26  stm32f4xx_hal_uart.o(.text.UART_DMARxHalfCplt)
    [Anonymous Symbol]                       0x080031ec   Section        0  stm32f4xx_hal_uart.o(.text.UART_DMARxHalfCplt)
    UART_EndRxTransfer                       0x08003209   Thumb Code    80  stm32f4xx_hal_uart.o(.text.UART_EndRxTransfer)
    [Anonymous Symbol]                       0x08003208   Section        0  stm32f4xx_hal_uart.o(.text.UART_EndRxTransfer)
    UART_EndTransmit_IT                      0x08003259   Thumb Code    24  stm32f4xx_hal_uart.o(.text.UART_EndTransmit_IT)
    [Anonymous Symbol]                       0x08003258   Section        0  stm32f4xx_hal_uart.o(.text.UART_EndTransmit_IT)
    UART_EndTxTransfer                       0x08003271   Thumb Code    28  stm32f4xx_hal_uart.o(.text.UART_EndTxTransfer)
    [Anonymous Symbol]                       0x08003270   Section        0  stm32f4xx_hal_uart.o(.text.UART_EndTxTransfer)
    UART_Receive_IT                          0x0800328d   Thumb Code   196  stm32f4xx_hal_uart.o(.text.UART_Receive_IT)
    [Anonymous Symbol]                       0x0800328c   Section        0  stm32f4xx_hal_uart.o(.text.UART_Receive_IT)
    UART_SetConfig                           0x08003351   Thumb Code   220  stm32f4xx_hal_uart.o(.text.UART_SetConfig)
    [Anonymous Symbol]                       0x08003350   Section        0  stm32f4xx_hal_uart.o(.text.UART_SetConfig)
    [Anonymous Symbol]                       0x0800342c   Section        0  stm32f4xx_hal_uart.o(.text.UART_Start_Receive_DMA)
    UART_Transmit_IT                         0x080034c5   Thumb Code    82  stm32f4xx_hal_uart.o(.text.UART_Transmit_IT)
    [Anonymous Symbol]                       0x080034c4   Section        0  stm32f4xx_hal_uart.o(.text.UART_Transmit_IT)
    UART_WaitOnFlagUntilTimeout              0x08003519   Thumb Code   122  stm32f4xx_hal_uart.o(.text.UART_WaitOnFlagUntilTimeout)
    [Anonymous Symbol]                       0x08003518   Section        0  stm32f4xx_hal_uart.o(.text.UART_WaitOnFlagUntilTimeout)
    [Anonymous Symbol]                       0x08003594   Section        0  stm32f4xx_it.o(.text.USART1_IRQHandler)
    [Anonymous Symbol]                       0x080035a4   Section        0  flowcelltemp.o(.text.UpdateTemperature)
    [Anonymous Symbol]                       0x080035d4   Section        0  stm32f4xx_it.o(.text.UsageFault_Handler)
    User_Init                                0x080035d9   Thumb Code    24  main.o(.text.User_Init)
    [Anonymous Symbol]                       0x080035d8   Section        0  main.o(.text.User_Init)
    __NVIC_EnableIRQ                         0x080035f1   Thumb Code    32  stm32f4xx_hal_cortex.o(.text.__NVIC_EnableIRQ)
    [Anonymous Symbol]                       0x080035f0   Section        0  stm32f4xx_hal_cortex.o(.text.__NVIC_EnableIRQ)
    __NVIC_GetPriorityGrouping               0x08003611   Thumb Code    16  stm32f4xx_hal_cortex.o(.text.__NVIC_GetPriorityGrouping)
    [Anonymous Symbol]                       0x08003610   Section        0  stm32f4xx_hal_cortex.o(.text.__NVIC_GetPriorityGrouping)
    __NVIC_SetPriority                       0x08003621   Thumb Code    34  stm32f4xx_hal_cortex.o(.text.__NVIC_SetPriority)
    [Anonymous Symbol]                       0x08003620   Section        0  stm32f4xx_hal_cortex.o(.text.__NVIC_SetPriority)
    __NVIC_SetPriorityGrouping               0x08003645   Thumb Code    32  stm32f4xx_hal_cortex.o(.text.__NVIC_SetPriorityGrouping)
    [Anonymous Symbol]                       0x08003644   Section        0  stm32f4xx_hal_cortex.o(.text.__NVIC_SetPriorityGrouping)
    loop_process_1000ms                      0x08003665   Thumb Code     8  main.o(.text.loop_process_1000ms)
    [Anonymous Symbol]                       0x08003664   Section        0  main.o(.text.loop_process_1000ms)
    loop_process_200ms                       0x0800366d   Thumb Code    50  main.o(.text.loop_process_200ms)
    [Anonymous Symbol]                       0x0800366c   Section        0  main.o(.text.loop_process_200ms)
    [Anonymous Symbol]                       0x080036a0   Section        0  main.o(.text.main)
    i.__hardfp_sqrtf                         0x08003754   Section        0  sqrtf.o(i.__hardfp_sqrtf)
    $v0                                      0x08003790   Number         0  d2f.o(x$fpl$d2f)
    x$fpl$d2f                                0x08003790   Section       98  d2f.o(x$fpl$d2f)
    $v0                                      0x080037f4   Number         0  daddsub_clz.o(x$fpl$dadd)
    x$fpl$dadd                               0x080037f4   Section      336  daddsub_clz.o(x$fpl$dadd)
    _dadd1                                   0x08003805   Thumb Code     0  daddsub_clz.o(x$fpl$dadd)
    $v0                                      0x08003944   Number         0  dmul.o(x$fpl$dmul)
    x$fpl$dmul                               0x08003944   Section      340  dmul.o(x$fpl$dmul)
    $v0                                      0x08003a98   Number         0  dnaninf.o(x$fpl$dnaninf)
    x$fpl$dnaninf                            0x08003a98   Section      156  dnaninf.o(x$fpl$dnaninf)
    $v0                                      0x08003b34   Number         0  dretinf.o(x$fpl$dretinf)
    x$fpl$dretinf                            0x08003b34   Section       12  dretinf.o(x$fpl$dretinf)
    $v0                                      0x08003b40   Number         0  daddsub_clz.o(x$fpl$dsub)
    x$fpl$dsub                               0x08003b40   Section      476  daddsub_clz.o(x$fpl$dsub)
    _dsub1                                   0x08003b51   Thumb Code     0  daddsub_clz.o(x$fpl$dsub)
    $v0                                      0x08003d1c   Number         0  f2d.o(x$fpl$f2d)
    x$fpl$f2d                                0x08003d1c   Section       86  f2d.o(x$fpl$f2d)
    $v0                                      0x08003d72   Number         0  fnaninf.o(x$fpl$fnaninf)
    x$fpl$fnaninf                            0x08003d72   Section      140  fnaninf.o(x$fpl$fnaninf)
    $v0                                      0x08003dfe   Number         0  fpinit.o(x$fpl$fpinit)
    x$fpl$fpinit                             0x08003dfe   Section       26  fpinit.o(x$fpl$fpinit)
    $v0                                      0x08003e18   Number         0  fretinf.o(x$fpl$fretinf)
    x$fpl$fretinf                            0x08003e18   Section       10  fretinf.o(x$fpl$fretinf)
    x$fpl$usenofp                            0x08003e22   Section        0  usenofp.o(x$fpl$usenofp)
    .bss                                     0x20000028   Section       96  libspace.o(.bss)
    Heap_Mem                                 0x20000248   Data         512  startup_stm32f407xx.o(HEAP)
    HEAP                                     0x20000248   Section      512  startup_stm32f407xx.o(HEAP)
    Stack_Mem                                0x20000448   Data        1024  startup_stm32f407xx.o(STACK)
    STACK                                    0x20000448   Section     1024  startup_stm32f407xx.o(STACK)
    __initial_sp                             0x20000848   Data           0  startup_stm32f407xx.o(STACK)

    Global Symbols

    Symbol Name                              Value     Ov Type        Size  Object(Section)

    BuildAttributes$$THM_ISAv4$E$P$D$K$B$S$7EM$VFPi3$EXTD16$VFPS$VFMA$PE$A:L22UL41UL21$X:L11$S22US41US21$IEEE1$IW$~IW$USESV6$~STKCKD$USESV7$~SHL$OTIME$ROPI$IEEEJ$EBA8$UX$STANDARDLIB$REQ8$PRES8$EABIv2 0x00000000   Number         0  anon$$obj.o ABSOLUTE
    __ARM_exceptions_init                     - Undefined Weak Reference
    __alloca_initialize                       - Undefined Weak Reference
    __arm_preinit_                            - Undefined Weak Reference
    __cpp_initialize__aeabi_                  - Undefined Weak Reference
    __cxa_finalize                            - Undefined Weak Reference
    __rt_locale                               - Undefined Weak Reference
    __sigvec_lookup                           - Undefined Weak Reference
    _atexit_init                              - Undefined Weak Reference
    _call_atexit_fns                          - Undefined Weak Reference
    _clock_init                               - Undefined Weak Reference
    _fp_trap_init                             - Undefined Weak Reference
    _fp_trap_shutdown                         - Undefined Weak Reference
    _get_lc_collate                           - Undefined Weak Reference
    _get_lc_ctype                             - Undefined Weak Reference
    _get_lc_monetary                          - Undefined Weak Reference
    _get_lc_numeric                           - Undefined Weak Reference
    _get_lc_time                              - Undefined Weak Reference
    _getenv_init                              - Undefined Weak Reference
    _handle_redirection                       - Undefined Weak Reference
    _init_alloc                               - Undefined Weak Reference
    _init_user_alloc                          - Undefined Weak Reference
    _initio                                   - Undefined Weak Reference
    _rand_init                                - Undefined Weak Reference
    _signal_finish                            - Undefined Weak Reference
    _signal_init                              - Undefined Weak Reference
    _terminate_alloc                          - Undefined Weak Reference
    _terminate_user_alloc                     - Undefined Weak Reference
    _terminateio                              - Undefined Weak Reference
    __Vectors_Size                           0x00000188   Number         0  startup_stm32f407xx.o ABSOLUTE
    __Vectors                                0x08000000   Data           4  startup_stm32f407xx.o(RESET)
    __Vectors_End                            0x08000188   Data           0  startup_stm32f407xx.o(RESET)
    __main                                   0x08000189   Thumb Code     8  __main.o(!!!main)
    __scatterload                            0x08000191   Thumb Code     0  __scatter.o(!!!scatter)
    __scatterload_rt2                        0x08000191   Thumb Code    44  __scatter.o(!!!scatter)
    __scatterload_rt2_thumb_only             0x08000191   Thumb Code     0  __scatter.o(!!!scatter)
    __scatterload_null                       0x0800019f   Thumb Code     0  __scatter.o(!!!scatter)
    __scatterload_copy                       0x080001c5   Thumb Code    26  __scatter_copy.o(!!handler_copy)
    __scatterload_zeroinit                   0x080001e1   Thumb Code    28  __scatter_zi.o(!!handler_zi)
    __rt_lib_init                            0x080001fd   Thumb Code     0  libinit.o(.ARM.Collect$$libinit$$00000000)
    __rt_lib_init_fp_1                       0x080001ff   Thumb Code     0  libinit2.o(.ARM.Collect$$libinit$$00000001)
    __rt_lib_init_alloca_1                   0x08000203   Thumb Code     0  libinit2.o(.ARM.Collect$$libinit$$0000002E)
    __rt_lib_init_argv_1                     0x08000203   Thumb Code     0  libinit2.o(.ARM.Collect$$libinit$$0000002C)
    __rt_lib_init_atexit_1                   0x08000203   Thumb Code     0  libinit2.o(.ARM.Collect$$libinit$$0000001B)
    __rt_lib_init_clock_1                    0x08000203   Thumb Code     0  libinit2.o(.ARM.Collect$$libinit$$00000021)
    __rt_lib_init_cpp_1                      0x08000203   Thumb Code     0  libinit2.o(.ARM.Collect$$libinit$$00000032)
    __rt_lib_init_exceptions_1               0x08000203   Thumb Code     0  libinit2.o(.ARM.Collect$$libinit$$00000030)
    __rt_lib_init_fp_trap_1                  0x08000203   Thumb Code     0  libinit2.o(.ARM.Collect$$libinit$$0000001F)
    __rt_lib_init_getenv_1                   0x08000203   Thumb Code     0  libinit2.o(.ARM.Collect$$libinit$$00000023)
    __rt_lib_init_heap_1                     0x08000203   Thumb Code     0  libinit2.o(.ARM.Collect$$libinit$$0000000A)
    __rt_lib_init_lc_collate_1               0x08000203   Thumb Code     0  libinit2.o(.ARM.Collect$$libinit$$00000011)
    __rt_lib_init_lc_ctype_1                 0x08000203   Thumb Code     0  libinit2.o(.ARM.Collect$$libinit$$00000013)
    __rt_lib_init_lc_monetary_1              0x08000203   Thumb Code     0  libinit2.o(.ARM.Collect$$libinit$$00000015)
    __rt_lib_init_lc_numeric_1               0x08000203   Thumb Code     0  libinit2.o(.ARM.Collect$$libinit$$00000017)
    __rt_lib_init_lc_time_1                  0x08000203   Thumb Code     0  libinit2.o(.ARM.Collect$$libinit$$00000019)
    __rt_lib_init_preinit_1                  0x08000203   Thumb Code     0  libinit2.o(.ARM.Collect$$libinit$$00000004)
    __rt_lib_init_rand_1                     0x08000203   Thumb Code     0  libinit2.o(.ARM.Collect$$libinit$$0000000E)
    __rt_lib_init_return                     0x08000203   Thumb Code     0  libinit2.o(.ARM.Collect$$libinit$$00000033)
    __rt_lib_init_signal_1                   0x08000203   Thumb Code     0  libinit2.o(.ARM.Collect$$libinit$$0000001D)
    __rt_lib_init_stdio_1                    0x08000203   Thumb Code     0  libinit2.o(.ARM.Collect$$libinit$$00000025)
    __rt_lib_init_user_alloc_1               0x08000203   Thumb Code     0  libinit2.o(.ARM.Collect$$libinit$$0000000C)
    __rt_lib_shutdown                        0x08000205   Thumb Code     0  libshutdown.o(.ARM.Collect$$libshutdown$$00000000)
    __rt_lib_shutdown_cpp_1                  0x08000207   Thumb Code     0  libshutdown2.o(.ARM.Collect$$libshutdown$$00000002)
    __rt_lib_shutdown_fp_trap_1              0x08000207   Thumb Code     0  libshutdown2.o(.ARM.Collect$$libshutdown$$00000007)
    __rt_lib_shutdown_heap_1                 0x08000207   Thumb Code     0  libshutdown2.o(.ARM.Collect$$libshutdown$$0000000F)
    __rt_lib_shutdown_return                 0x08000207   Thumb Code     0  libshutdown2.o(.ARM.Collect$$libshutdown$$00000010)
    __rt_lib_shutdown_signal_1               0x08000207   Thumb Code     0  libshutdown2.o(.ARM.Collect$$libshutdown$$0000000A)
    __rt_lib_shutdown_stdio_1                0x08000207   Thumb Code     0  libshutdown2.o(.ARM.Collect$$libshutdown$$00000004)
    __rt_lib_shutdown_user_alloc_1           0x08000207   Thumb Code     0  libshutdown2.o(.ARM.Collect$$libshutdown$$0000000C)
    __rt_entry                               0x08000209   Thumb Code     0  __rtentry.o(.ARM.Collect$$rtentry$$00000000)
    __rt_entry_presh_1                       0x08000209   Thumb Code     0  __rtentry2.o(.ARM.Collect$$rtentry$$00000002)
    __rt_entry_sh                            0x08000209   Thumb Code     0  __rtentry4.o(.ARM.Collect$$rtentry$$00000004)
    __rt_entry_li                            0x0800020f   Thumb Code     0  __rtentry2.o(.ARM.Collect$$rtentry$$0000000A)
    __rt_entry_postsh_1                      0x0800020f   Thumb Code     0  __rtentry2.o(.ARM.Collect$$rtentry$$00000009)
    __rt_entry_main                          0x08000213   Thumb Code     0  __rtentry2.o(.ARM.Collect$$rtentry$$0000000D)
    __rt_entry_postli_1                      0x08000213   Thumb Code     0  __rtentry2.o(.ARM.Collect$$rtentry$$0000000C)
    __rt_exit                                0x0800021b   Thumb Code     0  rtexit.o(.ARM.Collect$$rtexit$$00000000)
    __rt_exit_ls                             0x0800021d   Thumb Code     0  rtexit2.o(.ARM.Collect$$rtexit$$00000003)
    __rt_exit_prels_1                        0x0800021d   Thumb Code     0  rtexit2.o(.ARM.Collect$$rtexit$$00000002)
    __rt_exit_exit                           0x08000221   Thumb Code     0  rtexit2.o(.ARM.Collect$$rtexit$$00000004)
    Reset_Handler                            0x08000229   Thumb Code     8  startup_stm32f407xx.o(.text)
    ADC_IRQHandler                           0x08000243   Thumb Code     0  startup_stm32f407xx.o(.text)
    CAN1_RX0_IRQHandler                      0x08000243   Thumb Code     0  startup_stm32f407xx.o(.text)
    CAN1_RX1_IRQHandler                      0x08000243   Thumb Code     0  startup_stm32f407xx.o(.text)
    CAN1_SCE_IRQHandler                      0x08000243   Thumb Code     0  startup_stm32f407xx.o(.text)
    CAN1_TX_IRQHandler                       0x08000243   Thumb Code     0  startup_stm32f407xx.o(.text)
    CAN2_RX0_IRQHandler                      0x08000243   Thumb Code     0  startup_stm32f407xx.o(.text)
    CAN2_RX1_IRQHandler                      0x08000243   Thumb Code     0  startup_stm32f407xx.o(.text)
    CAN2_SCE_IRQHandler                      0x08000243   Thumb Code     0  startup_stm32f407xx.o(.text)
    CAN2_TX_IRQHandler                       0x08000243   Thumb Code     0  startup_stm32f407xx.o(.text)
    DCMI_IRQHandler                          0x08000243   Thumb Code     0  startup_stm32f407xx.o(.text)
    DMA1_Stream0_IRQHandler                  0x08000243   Thumb Code     0  startup_stm32f407xx.o(.text)
    DMA1_Stream1_IRQHandler                  0x08000243   Thumb Code     0  startup_stm32f407xx.o(.text)
    DMA1_Stream2_IRQHandler                  0x08000243   Thumb Code     0  startup_stm32f407xx.o(.text)
    DMA1_Stream3_IRQHandler                  0x08000243   Thumb Code     0  startup_stm32f407xx.o(.text)
    DMA1_Stream4_IRQHandler                  0x08000243   Thumb Code     0  startup_stm32f407xx.o(.text)
    DMA1_Stream5_IRQHandler                  0x08000243   Thumb Code     0  startup_stm32f407xx.o(.text)
    DMA1_Stream6_IRQHandler                  0x08000243   Thumb Code     0  startup_stm32f407xx.o(.text)
    DMA1_Stream7_IRQHandler                  0x08000243   Thumb Code     0  startup_stm32f407xx.o(.text)
    DMA2_Stream0_IRQHandler                  0x08000243   Thumb Code     0  startup_stm32f407xx.o(.text)
    DMA2_Stream1_IRQHandler                  0x08000243   Thumb Code     0  startup_stm32f407xx.o(.text)
    DMA2_Stream3_IRQHandler                  0x08000243   Thumb Code     0  startup_stm32f407xx.o(.text)
    DMA2_Stream4_IRQHandler                  0x08000243   Thumb Code     0  startup_stm32f407xx.o(.text)
    DMA2_Stream5_IRQHandler                  0x08000243   Thumb Code     0  startup_stm32f407xx.o(.text)
    DMA2_Stream6_IRQHandler                  0x08000243   Thumb Code     0  startup_stm32f407xx.o(.text)
    DMA2_Stream7_IRQHandler                  0x08000243   Thumb Code     0  startup_stm32f407xx.o(.text)
    ETH_IRQHandler                           0x08000243   Thumb Code     0  startup_stm32f407xx.o(.text)
    ETH_WKUP_IRQHandler                      0x08000243   Thumb Code     0  startup_stm32f407xx.o(.text)
    EXTI0_IRQHandler                         0x08000243   Thumb Code     0  startup_stm32f407xx.o(.text)
    EXTI15_10_IRQHandler                     0x08000243   Thumb Code     0  startup_stm32f407xx.o(.text)
    EXTI1_IRQHandler                         0x08000243   Thumb Code     0  startup_stm32f407xx.o(.text)
    EXTI2_IRQHandler                         0x08000243   Thumb Code     0  startup_stm32f407xx.o(.text)
    EXTI3_IRQHandler                         0x08000243   Thumb Code     0  startup_stm32f407xx.o(.text)
    EXTI4_IRQHandler                         0x08000243   Thumb Code     0  startup_stm32f407xx.o(.text)
    EXTI9_5_IRQHandler                       0x08000243   Thumb Code     0  startup_stm32f407xx.o(.text)
    FLASH_IRQHandler                         0x08000243   Thumb Code     0  startup_stm32f407xx.o(.text)
    FMC_IRQHandler                           0x08000243   Thumb Code     0  startup_stm32f407xx.o(.text)
    FPU_IRQHandler                           0x08000243   Thumb Code     0  startup_stm32f407xx.o(.text)
    HASH_RNG_IRQHandler                      0x08000243   Thumb Code     0  startup_stm32f407xx.o(.text)
    I2C1_ER_IRQHandler                       0x08000243   Thumb Code     0  startup_stm32f407xx.o(.text)
    I2C1_EV_IRQHandler                       0x08000243   Thumb Code     0  startup_stm32f407xx.o(.text)
    I2C2_ER_IRQHandler                       0x08000243   Thumb Code     0  startup_stm32f407xx.o(.text)
    I2C2_EV_IRQHandler                       0x08000243   Thumb Code     0  startup_stm32f407xx.o(.text)
    I2C3_ER_IRQHandler                       0x08000243   Thumb Code     0  startup_stm32f407xx.o(.text)
    I2C3_EV_IRQHandler                       0x08000243   Thumb Code     0  startup_stm32f407xx.o(.text)
    OTG_FS_IRQHandler                        0x08000243   Thumb Code     0  startup_stm32f407xx.o(.text)
    OTG_FS_WKUP_IRQHandler                   0x08000243   Thumb Code     0  startup_stm32f407xx.o(.text)
    OTG_HS_EP1_IN_IRQHandler                 0x08000243   Thumb Code     0  startup_stm32f407xx.o(.text)
    OTG_HS_EP1_OUT_IRQHandler                0x08000243   Thumb Code     0  startup_stm32f407xx.o(.text)
    OTG_HS_IRQHandler                        0x08000243   Thumb Code     0  startup_stm32f407xx.o(.text)
    OTG_HS_WKUP_IRQHandler                   0x08000243   Thumb Code     0  startup_stm32f407xx.o(.text)
    PVD_IRQHandler                           0x08000243   Thumb Code     0  startup_stm32f407xx.o(.text)
    RCC_IRQHandler                           0x08000243   Thumb Code     0  startup_stm32f407xx.o(.text)
    RTC_Alarm_IRQHandler                     0x08000243   Thumb Code     0  startup_stm32f407xx.o(.text)
    RTC_WKUP_IRQHandler                      0x08000243   Thumb Code     0  startup_stm32f407xx.o(.text)
    SDIO_IRQHandler                          0x08000243   Thumb Code     0  startup_stm32f407xx.o(.text)
    SPI1_IRQHandler                          0x08000243   Thumb Code     0  startup_stm32f407xx.o(.text)
    SPI2_IRQHandler                          0x08000243   Thumb Code     0  startup_stm32f407xx.o(.text)
    SPI3_IRQHandler                          0x08000243   Thumb Code     0  startup_stm32f407xx.o(.text)
    TAMP_STAMP_IRQHandler                    0x08000243   Thumb Code     0  startup_stm32f407xx.o(.text)
    TIM1_BRK_TIM9_IRQHandler                 0x08000243   Thumb Code     0  startup_stm32f407xx.o(.text)
    TIM1_CC_IRQHandler                       0x08000243   Thumb Code     0  startup_stm32f407xx.o(.text)
    TIM1_TRG_COM_TIM11_IRQHandler            0x08000243   Thumb Code     0  startup_stm32f407xx.o(.text)
    TIM1_UP_TIM10_IRQHandler                 0x08000243   Thumb Code     0  startup_stm32f407xx.o(.text)
    TIM2_IRQHandler                          0x08000243   Thumb Code     0  startup_stm32f407xx.o(.text)
    TIM3_IRQHandler                          0x08000243   Thumb Code     0  startup_stm32f407xx.o(.text)
    TIM4_IRQHandler                          0x08000243   Thumb Code     0  startup_stm32f407xx.o(.text)
    TIM5_IRQHandler                          0x08000243   Thumb Code     0  startup_stm32f407xx.o(.text)
    TIM7_IRQHandler                          0x08000243   Thumb Code     0  startup_stm32f407xx.o(.text)
    TIM8_BRK_TIM12_IRQHandler                0x08000243   Thumb Code     0  startup_stm32f407xx.o(.text)
    TIM8_CC_IRQHandler                       0x08000243   Thumb Code     0  startup_stm32f407xx.o(.text)
    TIM8_TRG_COM_TIM14_IRQHandler            0x08000243   Thumb Code     0  startup_stm32f407xx.o(.text)
    TIM8_UP_TIM13_IRQHandler                 0x08000243   Thumb Code     0  startup_stm32f407xx.o(.text)
    UART4_IRQHandler                         0x08000243   Thumb Code     0  startup_stm32f407xx.o(.text)
    UART5_IRQHandler                         0x08000243   Thumb Code     0  startup_stm32f407xx.o(.text)
    USART2_IRQHandler                        0x08000243   Thumb Code     0  startup_stm32f407xx.o(.text)
    USART3_IRQHandler                        0x08000243   Thumb Code     0  startup_stm32f407xx.o(.text)
    USART6_IRQHandler                        0x08000243   Thumb Code     0  startup_stm32f407xx.o(.text)
    WWDG_IRQHandler                          0x08000243   Thumb Code     0  startup_stm32f407xx.o(.text)
    __user_initial_stackheap                 0x08000245   Thumb Code     0  startup_stm32f407xx.o(.text)
    __aeabi_uldivmod                         0x08000269   Thumb Code     0  lludivv7m.o(.text)
    _ll_udiv                                 0x08000269   Thumb Code   240  lludivv7m.o(.text)
    __aeabi_memclr4                          0x08000359   Thumb Code     0  rt_memclr_w.o(.text)
    __aeabi_memclr8                          0x08000359   Thumb Code     0  rt_memclr_w.o(.text)
    __rt_memclr_w                            0x08000359   Thumb Code     0  rt_memclr_w.o(.text)
    _memset_w                                0x0800035d   Thumb Code    74  rt_memclr_w.o(.text)
    __use_two_region_memory                  0x080003a7   Thumb Code     2  heapauxi.o(.text)
    __rt_heap_escrow$2region                 0x080003a9   Thumb Code     2  heapauxi.o(.text)
    __rt_heap_expand$2region                 0x080003ab   Thumb Code     2  heapauxi.o(.text)
    __read_errno                             0x080003ad   Thumb Code    10  _rserrno.o(.text)
    __set_errno                              0x080003b7   Thumb Code    12  _rserrno.o(.text)
    __aeabi_errno_addr                       0x080003c5   Thumb Code     8  rt_errno_addr_intlibspace.o(.text)
    __errno$intlibspace                      0x080003c5   Thumb Code     0  rt_errno_addr_intlibspace.o(.text)
    __rt_errno_addr$intlibspace              0x080003c5   Thumb Code     0  rt_errno_addr_intlibspace.o(.text)
    __user_libspace                          0x080003cd   Thumb Code     8  libspace.o(.text)
    __user_perproc_libspace                  0x080003cd   Thumb Code     0  libspace.o(.text)
    __user_perthread_libspace                0x080003cd   Thumb Code     0  libspace.o(.text)
    __user_setup_stackheap                   0x080003d5   Thumb Code    74  sys_stackheap_outer.o(.text)
    exit                                     0x0800041f   Thumb Code    18  exit.o(.text)
    _sys_exit                                0x08000431   Thumb Code     8  sys_exit.o(.text)
    __I$use$semihosting                      0x0800043d   Thumb Code     0  use_no_semi.o(.text)
    __use_no_semihosting_swi                 0x0800043d   Thumb Code     2  use_no_semi.o(.text)
    __semihosting_library_function           0x0800043f   Thumb Code     0  indicate_semi.o(.text)
    BusFault_Handler                         0x08000441   Thumb Code     2  stm32f4xx_it.o(.text.BusFault_Handler)
    CalcAndUpdatePWMValue                    0x08000445   Thumb Code    20  flowcelltemp.o(.text.CalcAndUpdatePWMValue)
    DMA2_Stream2_IRQHandler                  0x08000551   Thumb Code    16  stm32f4xx_it.o(.text.DMA2_Stream2_IRQHandler)
    DebugMon_Handler                         0x0800061d   Thumb Code     2  stm32f4xx_it.o(.text.DebugMon_Handler)
    Error_Handler                            0x08000621   Thumb Code    10  main.o(.text.Error_Handler)
    FlowcellTemp_Init                        0x0800062d   Thumb Code    52  flowcelltemp.o(.text.FlowcellTemp_Init)
    FlowcellTemp_OFF                         0x08000661   Thumb Code    44  flowcelltemp.o(.text.FlowcellTemp_OFF)
    FlowcellTemp_ON                          0x0800068d   Thumb Code    38  flowcelltemp.o(.text.FlowcellTemp_ON)
    HAL_DMA_Abort                            0x080006b5   Thumb Code   128  stm32f4xx_hal_dma.o(.text.HAL_DMA_Abort)
    HAL_DMA_Abort_IT                         0x08000735   Thumb Code    36  stm32f4xx_hal_dma.o(.text.HAL_DMA_Abort_IT)
    HAL_DMA_IRQHandler                       0x08000759   Thumb Code   396  stm32f4xx_hal_dma.o(.text.HAL_DMA_IRQHandler)
    HAL_DMA_Init                             0x080008e5   Thumb Code   206  stm32f4xx_hal_dma.o(.text.HAL_DMA_Init)
    HAL_DMA_Start_IT                         0x080009b5   Thumb Code    98  stm32f4xx_hal_dma.o(.text.HAL_DMA_Start_IT)
    HAL_Delay                                0x08000a19   Thumb Code    40  stm32f4xx_hal.o(.text.HAL_Delay)
    HAL_GPIO_Init                            0x08000a41   Thumb Code   406  stm32f4xx_hal_gpio.o(.text.HAL_GPIO_Init)
    HAL_GPIO_ReadPin                         0x08000bd9   Thumb Code    10  stm32f4xx_hal_gpio.o(.text.HAL_GPIO_ReadPin)
    HAL_GPIO_TogglePin                       0x08000be5   Thumb Code    16  stm32f4xx_hal_gpio.o(.text.HAL_GPIO_TogglePin)
    HAL_GPIO_WritePin                        0x08000bf5   Thumb Code    10  stm32f4xx_hal_gpio.o(.text.HAL_GPIO_WritePin)
    HAL_GetTick                              0x08000c01   Thumb Code    12  stm32f4xx_hal.o(.text.HAL_GetTick)
    HAL_IncTick                              0x08000c0d   Thumb Code    26  stm32f4xx_hal.o(.text.HAL_IncTick)
    HAL_Init                                 0x08000c29   Thumb Code    54  stm32f4xx_hal.o(.text.HAL_Init)
    HAL_InitTick                             0x08000c61   Thumb Code    80  stm32f4xx_hal.o(.text.HAL_InitTick)
    HAL_MspInit                              0x08000cb1   Thumb Code    56  stm32f4xx_hal_msp.o(.text.HAL_MspInit)
    HAL_NVIC_EnableIRQ                       0x08000ce9   Thumb Code     8  stm32f4xx_hal_cortex.o(.text.HAL_NVIC_EnableIRQ)
    HAL_NVIC_SetPriority                     0x08000cf1   Thumb Code    30  stm32f4xx_hal_cortex.o(.text.HAL_NVIC_SetPriority)
    HAL_NVIC_SetPriorityGrouping             0x08000d11   Thumb Code     8  stm32f4xx_hal_cortex.o(.text.HAL_NVIC_SetPriorityGrouping)
    HAL_RCC_ClockConfig                      0x08000d19   Thumb Code   352  stm32f4xx_hal_rcc.o(.text.HAL_RCC_ClockConfig)
    HAL_RCC_GetHCLKFreq                      0x08000e79   Thumb Code    12  stm32f4xx_hal_rcc.o(.text.HAL_RCC_GetHCLKFreq)
    HAL_RCC_GetPCLK1Freq                     0x08000e85   Thumb Code    34  stm32f4xx_hal_rcc.o(.text.HAL_RCC_GetPCLK1Freq)
    HAL_RCC_GetPCLK2Freq                     0x08000ea9   Thumb Code    34  stm32f4xx_hal_rcc.o(.text.HAL_RCC_GetPCLK2Freq)
    HAL_RCC_GetSysClockFreq                  0x08000ecd   Thumb Code   106  stm32f4xx_hal_rcc.o(.text.HAL_RCC_GetSysClockFreq)
    HAL_RCC_OscConfig                        0x08000f39   Thumb Code   840  stm32f4xx_hal_rcc.o(.text.HAL_RCC_OscConfig)
    HAL_SPI_Init                             0x08001281   Thumb Code   180  stm32f4xx_hal_spi.o(.text.HAL_SPI_Init)
    HAL_SPI_MspInit                          0x08001335   Thumb Code   172  spi.o(.text.HAL_SPI_MspInit)
    HAL_SPI_Transmit                         0x080013e1   Thumb Code   380  stm32f4xx_hal_spi.o(.text.HAL_SPI_Transmit)
    HAL_SPI_TransmitReceive                  0x0800155d   Thumb Code   482  stm32f4xx_hal_spi.o(.text.HAL_SPI_TransmitReceive)
    HAL_SYSTICK_Config                       0x08001741   Thumb Code     8  stm32f4xx_hal_cortex.o(.text.HAL_SYSTICK_Config)
    HAL_TIMEx_BreakCallback                  0x08001749   Thumb Code     2  stm32f4xx_hal_tim_ex.o(.text.HAL_TIMEx_BreakCallback)
    HAL_TIMEx_CommutCallback                 0x0800174d   Thumb Code     2  stm32f4xx_hal_tim_ex.o(.text.HAL_TIMEx_CommutCallback)
    HAL_TIMEx_MasterConfigSynchronization    0x08001751   Thumb Code   184  stm32f4xx_hal_tim_ex.o(.text.HAL_TIMEx_MasterConfigSynchronization)
    HAL_TIM_Base_Init                        0x08001809   Thumb Code    90  stm32f4xx_hal_tim.o(.text.HAL_TIM_Base_Init)
    HAL_TIM_Base_MspInit                     0x08001865   Thumb Code   114  tim.o(.text.HAL_TIM_Base_MspInit)
    HAL_TIM_Base_Start_IT                    0x080018d9   Thumb Code   168  stm32f4xx_hal_tim.o(.text.HAL_TIM_Base_Start_IT)
    HAL_TIM_ConfigClockSource                0x08001981   Thumb Code   222  stm32f4xx_hal_tim.o(.text.HAL_TIM_ConfigClockSource)
    HAL_TIM_IC_CaptureCallback               0x08001a61   Thumb Code     2  stm32f4xx_hal_tim.o(.text.HAL_TIM_IC_CaptureCallback)
    HAL_TIM_IRQHandler                       0x08001a65   Thumb Code   362  stm32f4xx_hal_tim.o(.text.HAL_TIM_IRQHandler)
    HAL_TIM_MspPostInit                      0x08001bd1   Thumb Code    90  tim.o(.text.HAL_TIM_MspPostInit)
    HAL_TIM_OC_DelayElapsedCallback          0x08001c2d   Thumb Code     2  stm32f4xx_hal_tim.o(.text.HAL_TIM_OC_DelayElapsedCallback)
    HAL_TIM_PWM_ConfigChannel                0x08001c31   Thumb Code   152  stm32f4xx_hal_tim.o(.text.HAL_TIM_PWM_ConfigChannel)
    HAL_TIM_PWM_Init                         0x08001cc9   Thumb Code    90  stm32f4xx_hal_tim.o(.text.HAL_TIM_PWM_Init)
    HAL_TIM_PWM_MspInit                      0x08001d25   Thumb Code     2  stm32f4xx_hal_tim.o(.text.HAL_TIM_PWM_MspInit)
    HAL_TIM_PWM_PulseFinishedCallback        0x08001d29   Thumb Code     2  stm32f4xx_hal_tim.o(.text.HAL_TIM_PWM_PulseFinishedCallback)
    HAL_TIM_PWM_Start                        0x08001d2d   Thumb Code   290  stm32f4xx_hal_tim.o(.text.HAL_TIM_PWM_Start)
    HAL_TIM_PWM_Stop                         0x08001e51   Thumb Code   130  stm32f4xx_hal_tim.o(.text.HAL_TIM_PWM_Stop)
    HAL_TIM_PeriodElapsedCallback            0x08001ed5   Thumb Code    32  main.o(.text.HAL_TIM_PeriodElapsedCallback)
    HAL_TIM_TriggerCallback                  0x08001ef5   Thumb Code     2  stm32f4xx_hal_tim.o(.text.HAL_TIM_TriggerCallback)
    HAL_UARTEx_RxEventCallback               0x08001ef9   Thumb Code     2  stm32f4xx_hal_uart.o(.text.HAL_UARTEx_RxEventCallback)
    HAL_UART_ErrorCallback                   0x08001efd   Thumb Code     2  stm32f4xx_hal_uart.o(.text.HAL_UART_ErrorCallback)
    HAL_UART_IRQHandler                      0x08001f01   Thumb Code   570  stm32f4xx_hal_uart.o(.text.HAL_UART_IRQHandler)
    HAL_UART_Init                            0x0800213d   Thumb Code    94  stm32f4xx_hal_uart.o(.text.HAL_UART_Init)
    HAL_UART_MspInit                         0x0800219d   Thumb Code   198  usart.o(.text.HAL_UART_MspInit)
    HAL_UART_Receive_DMA                     0x08002265   Thumb Code    56  stm32f4xx_hal_uart.o(.text.HAL_UART_Receive_DMA)
    HAL_UART_RxCpltCallback                  0x0800229d   Thumb Code    30  serial.o(.text.HAL_UART_RxCpltCallback)
    HAL_UART_RxHalfCpltCallback              0x080022bd   Thumb Code     2  stm32f4xx_hal_uart.o(.text.HAL_UART_RxHalfCpltCallback)
    HAL_UART_Transmit                        0x080022c1   Thumb Code   204  stm32f4xx_hal_uart.o(.text.HAL_UART_Transmit)
    HAL_UART_TxCpltCallback                  0x0800238d   Thumb Code     2  stm32f4xx_hal_uart.o(.text.HAL_UART_TxCpltCallback)
    HardFault_Handler                        0x08002391   Thumb Code     2  stm32f4xx_it.o(.text.HardFault_Handler)
    MX_DMA_Init                              0x08002395   Thumb Code    54  dma.o(.text.MX_DMA_Init)
    MX_GPIO_Init                             0x080023cd   Thumb Code   190  gpio.o(.text.MX_GPIO_Init)
    MX_SPI3_Init                             0x0800248d   Thumb Code    72  spi.o(.text.MX_SPI3_Init)
    MX_TIM3_Init                             0x080024d5   Thumb Code   206  tim.o(.text.MX_TIM3_Init)
    MX_TIM6_Init                             0x080025a5   Thumb Code    84  tim.o(.text.MX_TIM6_Init)
    MX_USART1_UART_Init                      0x080025f9   Thumb Code    56  usart.o(.text.MX_USART1_UART_Init)
    Max31865_autoConvert                     0x08002631   Thumb Code    38  max31865.o(.text.Max31865_autoConvert)
    Max31865_clearFault                      0x08002659   Thumb Code    26  max31865.o(.text.Max31865_clearFault)
    Max31865_delay                           0x08002675   Thumb Code     8  max31865.o(.text.Max31865_delay)
    Max31865_enableBias                      0x0800267d   Thumb Code    38  max31865.o(.text.Max31865_enableBias)
    Max31865_init                            0x080026a5   Thumb Code   104  max31865.o(.text.Max31865_init)
    Max31865_readFault                       0x0800270d   Thumb Code    10  max31865.o(.text.Max31865_readFault)
    Max31865_readRTD                         0x08002719   Thumb Code    60  max31865.o(.text.Max31865_readRTD)
    Max31865_readRegister16                  0x08002755   Thumb Code    32  max31865.o(.text.Max31865_readRegister16)
    Max31865_readRegister8                   0x08002775   Thumb Code    28  max31865.o(.text.Max31865_readRegister8)
    Max31865_readRegisterN                   0x08002791   Thumb Code   106  max31865.o(.text.Max31865_readRegisterN)
    Max31865_readTemp                        0x08002801   Thumb Code   484  max31865.o(.text.Max31865_readTemp)
    Max31865_setFilter                       0x080029e5   Thumb Code    38  max31865.o(.text.Max31865_setFilter)
    Max31865_setWires                        0x08002a0d   Thumb Code    38  max31865.o(.text.Max31865_setWires)
    Max31865_writeRegister8                  0x08002a35   Thumb Code    78  max31865.o(.text.Max31865_writeRegister8)
    MemManage_Handler                        0x08002a85   Thumb Code     2  stm32f4xx_it.o(.text.MemManage_Handler)
    NMI_Handler                              0x08002a89   Thumb Code     2  stm32f4xx_it.o(.text.NMI_Handler)
    PendSV_Handler                           0x08002ab9   Thumb Code     2  stm32f4xx_it.o(.text.PendSV_Handler)
    ProcessReceiveCommand                    0x08002abd   Thumb Code   108  serial.o(.text.ProcessReceiveCommand)
    SVC_Handler                              0x08002c5d   Thumb Code     2  stm32f4xx_it.o(.text.SVC_Handler)
    Send_CurrentTemperatureToPC              0x08002c61   Thumb Code    88  serial.o(.text.Send_CurrentTemperatureToPC)
    SerialConnect_Init                       0x08002cb9   Thumb Code    26  serial.o(.text.SerialConnect_Init)
    SysTick_Handler                          0x08002d05   Thumb Code     8  stm32f4xx_it.o(.text.SysTick_Handler)
    SystemClock_Config                       0x08002d0d   Thumb Code   160  main.o(.text.SystemClock_Config)
    SystemInit                               0x08002dad   Thumb Code    18  system_stm32f4xx.o(.text.SystemInit)
    TIM6_DAC_IRQHandler                      0x08002dc1   Thumb Code    16  stm32f4xx_it.o(.text.TIM6_DAC_IRQHandler)
    TIM_Base_SetConfig                       0x08002dd1   Thumb Code   292  stm32f4xx_hal_tim.o(.text.TIM_Base_SetConfig)
    TIM_CCxChannelCmd                        0x08002ef5   Thumb Code    36  stm32f4xx_hal_tim.o(.text.TIM_CCxChannelCmd)
    TIM_ETR_SetConfig                        0x08002f19   Thumb Code    22  stm32f4xx_hal_tim.o(.text.TIM_ETR_SetConfig)
    TIM_OC2_SetConfig                        0x08002fa5   Thumb Code   106  stm32f4xx_hal_tim.o(.text.TIM_OC2_SetConfig)
    UART_Start_Receive_DMA                   0x0800342d   Thumb Code   150  stm32f4xx_hal_uart.o(.text.UART_Start_Receive_DMA)
    USART1_IRQHandler                        0x08003595   Thumb Code    16  stm32f4xx_it.o(.text.USART1_IRQHandler)
    UpdateTemperature                        0x080035a5   Thumb Code    48  flowcelltemp.o(.text.UpdateTemperature)
    UsageFault_Handler                       0x080035d5   Thumb Code     2  stm32f4xx_it.o(.text.UsageFault_Handler)
    main                                     0x080036a1   Thumb Code   180  main.o(.text.main)
    __hardfp_sqrtf                           0x08003755   Thumb Code    58  sqrtf.o(i.__hardfp_sqrtf)
    __aeabi_d2f                              0x08003791   Thumb Code     0  d2f.o(x$fpl$d2f)
    _d2f                                     0x08003791   Thumb Code    98  d2f.o(x$fpl$d2f)
    __aeabi_dadd                             0x080037f5   Thumb Code     0  daddsub_clz.o(x$fpl$dadd)
    _dadd                                    0x080037f5   Thumb Code   332  daddsub_clz.o(x$fpl$dadd)
    __aeabi_dmul                             0x08003945   Thumb Code     0  dmul.o(x$fpl$dmul)
    _dmul                                    0x08003945   Thumb Code   332  dmul.o(x$fpl$dmul)
    __fpl_dnaninf                            0x08003a99   Thumb Code   156  dnaninf.o(x$fpl$dnaninf)
    __fpl_dretinf                            0x08003b35   Thumb Code    12  dretinf.o(x$fpl$dretinf)
    __aeabi_dsub                             0x08003b41   Thumb Code     0  daddsub_clz.o(x$fpl$dsub)
    _dsub                                    0x08003b41   Thumb Code   472  daddsub_clz.o(x$fpl$dsub)
    __aeabi_f2d                              0x08003d1d   Thumb Code     0  f2d.o(x$fpl$f2d)
    _f2d                                     0x08003d1d   Thumb Code    86  f2d.o(x$fpl$f2d)
    __fpl_fnaninf                            0x08003d73   Thumb Code   140  fnaninf.o(x$fpl$fnaninf)
    _fp_init                                 0x08003dff   Thumb Code    26  fpinit.o(x$fpl$fpinit)
    __fplib_config_fpu_vfp                   0x08003e17   Thumb Code     0  fpinit.o(x$fpl$fpinit)
    __fplib_config_pureend_doubles           0x08003e17   Thumb Code     0  fpinit.o(x$fpl$fpinit)
    __fpl_fretinf                            0x08003e19   Thumb Code    10  fretinf.o(x$fpl$fretinf)
    AHBPrescTable                            0x08003e22   Data          16  system_stm32f4xx.o(.rodata.AHBPrescTable)
    __I$use$fp                               0x08003e22   Number         0  usenofp.o(x$fpl$usenofp)
    APBPrescTable                            0x08003e32   Data           8  system_stm32f4xx.o(.rodata.APBPrescTable)
    Region$$Table$$Base                      0x08003e3c   Number         0  anon$$obj.o(Region$$Table)
    Region$$Table$$Limit                     0x08003e5c   Number         0  anon$$obj.o(Region$$Table)
    SystemCoreClock                          0x20000000   Data           4  system_stm32f4xx.o(.data.SystemCoreClock)
    kd                                       0x20000004   Data           4  flowcelltemp.o(.data.kd)
    ki                                       0x20000008   Data           4  flowcelltemp.o(.data.ki)
    kp                                       0x2000000c   Data           4  flowcelltemp.o(.data.kp)
    rx_buf_pc                                0x20000010   Data           6  serial.o(.data.rx_buf_pc)
    setup_temp                               0x20000018   Data           4  flowcelltemp.o(.data.setup_temp)
    tx_buf_pc                                0x2000001c   Data           6  serial.o(.data.tx_buf_pc)
    uwTickFreq                               0x20000022   Data           1  stm32f4xx_hal.o(.data.uwTickFreq)
    uwTickPrio                               0x20000024   Data           4  stm32f4xx_hal.o(.data.uwTickPrio)
    __libspace_start                         0x20000028   Data          96  libspace.o(.bss)
    Ready_PCCommand                          0x20000088   Data           1  serial.o(.bss.Ready_PCCommand)
    __temporary_stack_top$libspace           0x20000088   Data           0  libspace.o(.bss)
    TempControl_Running                      0x20000089   Data           1  flowcelltemp.o(.bss.TempControl_Running)
    err                                      0x2000008c   Data           4  flowcelltemp.o(.bss.err)
    flowcell_temp                            0x20000090   Data           4  flowcelltemp.o(.bss.flowcell_temp)
    hdma_usart1_rx                           0x20000094   Data          96  usart.o(.bss.hdma_usart1_rx)
    hspi3                                    0x200000f4   Data          88  spi.o(.bss.hspi3)
    htim3                                    0x2000014c   Data          72  tim.o(.bss.htim3)
    htim6                                    0x20000194   Data          72  tim.o(.bss.htim6)
    huart1                                   0x200001dc   Data          68  usart.o(.bss.huart1)
    last_temp                                0x20000220   Data           4  flowcelltemp.o(.bss.last_temp)
    pid_output                               0x20000224   Data           4  flowcelltemp.o(.bss.pid_output)
    pt100                                    0x20000228   Data          16  flowcelltemp.o(.bss.pt100)
    pwmOutput                                0x20000238   Data           2  flowcelltemp.o(.bss.pwmOutput)
    sum_err                                  0x2000023c   Data           4  flowcelltemp.o(.bss.sum_err)
    tim6_tick                                0x20000240   Data           1  main.o(.bss.tim6_tick)
    uwTick                                   0x20000244   Data           4  stm32f4xx_hal.o(.bss.uwTick)



==============================================================================

Memory Map of the image

  Image Entry point : 0x08000189

  Load Region LR_IROM1 (Base: 0x08000000, Size: 0x00003e88, Max: 0x00080000, ABSOLUTE)

    Execution Region ER_IROM1 (Exec base: 0x08000000, Load base: 0x08000000, Size: 0x00003e5c, Max: 0x00080000, ABSOLUTE)

    Exec Addr    Load Addr    Size         Type   Attr      Idx    E Section Name        Object

    0x08000000   0x08000000   0x00000188   Data   RO            3    RESET               startup_stm32f407xx.o
    0x08000188   0x08000188   0x00000008   Code   RO         1283  * !!!main             c_w.l(__main.o)
    0x08000190   0x08000190   0x00000034   Code   RO         1490    !!!scatter          c_w.l(__scatter.o)
    0x080001c4   0x080001c4   0x0000001a   Code   RO         1492    !!handler_copy      c_w.l(__scatter_copy.o)
    0x080001de   0x080001de   0x00000002   PAD
    0x080001e0   0x080001e0   0x0000001c   Code   RO         1494    !!handler_zi        c_w.l(__scatter_zi.o)
    0x080001fc   0x080001fc   0x00000002   Code   RO         1357    .ARM.Collect$$libinit$$00000000  c_w.l(libinit.o)
    0x080001fe   0x080001fe   0x00000004   Code   RO         1366    .ARM.Collect$$libinit$$00000001  c_w.l(libinit2.o)
    0x08000202   0x08000202   0x00000000   Code   RO         1369    .ARM.Collect$$libinit$$00000004  c_w.l(libinit2.o)
    0x08000202   0x08000202   0x00000000   Code   RO         1372    .ARM.Collect$$libinit$$0000000A  c_w.l(libinit2.o)
    0x08000202   0x08000202   0x00000000   Code   RO         1374    .ARM.Collect$$libinit$$0000000C  c_w.l(libinit2.o)
    0x08000202   0x08000202   0x00000000   Code   RO         1376    .ARM.Collect$$libinit$$0000000E  c_w.l(libinit2.o)
    0x08000202   0x08000202   0x00000000   Code   RO         1379    .ARM.Collect$$libinit$$00000011  c_w.l(libinit2.o)
    0x08000202   0x08000202   0x00000000   Code   RO         1381    .ARM.Collect$$libinit$$00000013  c_w.l(libinit2.o)
    0x08000202   0x08000202   0x00000000   Code   RO         1383    .ARM.Collect$$libinit$$00000015  c_w.l(libinit2.o)
    0x08000202   0x08000202   0x00000000   Code   RO         1385    .ARM.Collect$$libinit$$00000017  c_w.l(libinit2.o)
    0x08000202   0x08000202   0x00000000   Code   RO         1387    .ARM.Collect$$libinit$$00000019  c_w.l(libinit2.o)
    0x08000202   0x08000202   0x00000000   Code   RO         1389    .ARM.Collect$$libinit$$0000001B  c_w.l(libinit2.o)
    0x08000202   0x08000202   0x00000000   Code   RO         1391    .ARM.Collect$$libinit$$0000001D  c_w.l(libinit2.o)
    0x08000202   0x08000202   0x00000000   Code   RO         1393    .ARM.Collect$$libinit$$0000001F  c_w.l(libinit2.o)
    0x08000202   0x08000202   0x00000000   Code   RO         1395    .ARM.Collect$$libinit$$00000021  c_w.l(libinit2.o)
    0x08000202   0x08000202   0x00000000   Code   RO         1397    .ARM.Collect$$libinit$$00000023  c_w.l(libinit2.o)
    0x08000202   0x08000202   0x00000000   Code   RO         1399    .ARM.Collect$$libinit$$00000025  c_w.l(libinit2.o)
    0x08000202   0x08000202   0x00000000   Code   RO         1403    .ARM.Collect$$libinit$$0000002C  c_w.l(libinit2.o)
    0x08000202   0x08000202   0x00000000   Code   RO         1405    .ARM.Collect$$libinit$$0000002E  c_w.l(libinit2.o)
    0x08000202   0x08000202   0x00000000   Code   RO         1407    .ARM.Collect$$libinit$$00000030  c_w.l(libinit2.o)
    0x08000202   0x08000202   0x00000000   Code   RO         1409    .ARM.Collect$$libinit$$00000032  c_w.l(libinit2.o)
    0x08000202   0x08000202   0x00000002   Code   RO         1410    .ARM.Collect$$libinit$$00000033  c_w.l(libinit2.o)
    0x08000204   0x08000204   0x00000002   Code   RO         1445    .ARM.Collect$$libshutdown$$00000000  c_w.l(libshutdown.o)
    0x08000206   0x08000206   0x00000000   Code   RO         1473    .ARM.Collect$$libshutdown$$00000002  c_w.l(libshutdown2.o)
    0x08000206   0x08000206   0x00000000   Code   RO         1475    .ARM.Collect$$libshutdown$$00000004  c_w.l(libshutdown2.o)
    0x08000206   0x08000206   0x00000000   Code   RO         1478    .ARM.Collect$$libshutdown$$00000007  c_w.l(libshutdown2.o)
    0x08000206   0x08000206   0x00000000   Code   RO         1481    .ARM.Collect$$libshutdown$$0000000A  c_w.l(libshutdown2.o)
    0x08000206   0x08000206   0x00000000   Code   RO         1483    .ARM.Collect$$libshutdown$$0000000C  c_w.l(libshutdown2.o)
    0x08000206   0x08000206   0x00000000   Code   RO         1486    .ARM.Collect$$libshutdown$$0000000F  c_w.l(libshutdown2.o)
    0x08000206   0x08000206   0x00000002   Code   RO         1487    .ARM.Collect$$libshutdown$$00000010  c_w.l(libshutdown2.o)
    0x08000208   0x08000208   0x00000000   Code   RO         1303    .ARM.Collect$$rtentry$$00000000  c_w.l(__rtentry.o)
    0x08000208   0x08000208   0x00000000   Code   RO         1320    .ARM.Collect$$rtentry$$00000002  c_w.l(__rtentry2.o)
    0x08000208   0x08000208   0x00000006   Code   RO         1332    .ARM.Collect$$rtentry$$00000004  c_w.l(__rtentry4.o)
    0x0800020e   0x0800020e   0x00000000   Code   RO         1322    .ARM.Collect$$rtentry$$00000009  c_w.l(__rtentry2.o)
    0x0800020e   0x0800020e   0x00000004   Code   RO         1323    .ARM.Collect$$rtentry$$0000000A  c_w.l(__rtentry2.o)
    0x08000212   0x08000212   0x00000000   Code   RO         1325    .ARM.Collect$$rtentry$$0000000C  c_w.l(__rtentry2.o)
    0x08000212   0x08000212   0x00000008   Code   RO         1326    .ARM.Collect$$rtentry$$0000000D  c_w.l(__rtentry2.o)
    0x0800021a   0x0800021a   0x00000002   Code   RO         1358    .ARM.Collect$$rtexit$$00000000  c_w.l(rtexit.o)
    0x0800021c   0x0800021c   0x00000000   Code   RO         1416    .ARM.Collect$$rtexit$$00000002  c_w.l(rtexit2.o)
    0x0800021c   0x0800021c   0x00000004   Code   RO         1417    .ARM.Collect$$rtexit$$00000003  c_w.l(rtexit2.o)
    0x08000220   0x08000220   0x00000006   Code   RO         1418    .ARM.Collect$$rtexit$$00000004  c_w.l(rtexit2.o)
    0x08000226   0x08000226   0x00000002   PAD
    0x08000228   0x08000228   0x00000040   Code   RO            4    .text               startup_stm32f407xx.o
    0x08000268   0x08000268   0x000000f0   Code   RO         1277    .text               c_w.l(lludivv7m.o)
    0x08000358   0x08000358   0x0000004e   Code   RO         1279    .text               c_w.l(rt_memclr_w.o)
    0x080003a6   0x080003a6   0x00000006   Code   RO         1281    .text               c_w.l(heapauxi.o)
    0x080003ac   0x080003ac   0x00000016   Code   RO         1308    .text               c_w.l(_rserrno.o)
    0x080003c2   0x080003c2   0x00000002   PAD
    0x080003c4   0x080003c4   0x00000008   Code   RO         1339    .text               c_w.l(rt_errno_addr_intlibspace.o)
    0x080003cc   0x080003cc   0x00000008   Code   RO         1341    .text               c_w.l(libspace.o)
    0x080003d4   0x080003d4   0x0000004a   Code   RO         1344    .text               c_w.l(sys_stackheap_outer.o)
    0x0800041e   0x0800041e   0x00000012   Code   RO         1346    .text               c_w.l(exit.o)
    0x08000430   0x08000430   0x0000000c   Code   RO         1411    .text               c_w.l(sys_exit.o)
    0x0800043c   0x0800043c   0x00000002   Code   RO         1434    .text               c_w.l(use_no_semi.o)
    0x0800043e   0x0800043e   0x00000000   Code   RO         1436    .text               c_w.l(indicate_semi.o)
    0x0800043e   0x0800043e   0x00000002   PAD
    0x08000440   0x08000440   0x00000002   Code   RO          110    .text.BusFault_Handler  stm32f4xx_it.o
    0x08000442   0x08000442   0x00000002   PAD
    0x08000444   0x08000444   0x00000014   Code   RO         1252    .text.CalcAndUpdatePWMValue  flowcelltemp.o
    0x08000458   0x08000458   0x000000f8   Code   RO         1254    .text.CalcTempPID   flowcelltemp.o
    0x08000550   0x08000550   0x00000010   Code   RO          126    .text.DMA2_Stream2_IRQHandler  stm32f4xx_it.o
    0x08000560   0x08000560   0x0000003c   Code   RO          445    .text.DMA_CalcBaseAndBitshift  stm32f4xx_hal_dma.o
    0x0800059c   0x0800059c   0x00000050   Code   RO          443    .text.DMA_CheckFifoParam  stm32f4xx_hal_dma.o
    0x080005ec   0x080005ec   0x00000030   Code   RO          451    .text.DMA_SetConfig  stm32f4xx_hal_dma.o
    0x0800061c   0x0800061c   0x00000002   Code   RO          116    .text.DebugMon_Handler  stm32f4xx_it.o
    0x0800061e   0x0800061e   0x00000002   PAD
    0x08000620   0x08000620   0x0000000a   Code   RO           15    .text.Error_Handler  main.o
    0x0800062a   0x0800062a   0x00000002   PAD
    0x0800062c   0x0800062c   0x00000034   Code   RO         1244    .text.FlowcellTemp_Init  flowcelltemp.o
    0x08000660   0x08000660   0x0000002c   Code   RO         1248    .text.FlowcellTemp_OFF  flowcelltemp.o
    0x0800068c   0x0800068c   0x00000026   Code   RO         1246    .text.FlowcellTemp_ON  flowcelltemp.o
    0x080006b2   0x080006b2   0x00000002   PAD
    0x080006b4   0x080006b4   0x00000080   Code   RO          455    .text.HAL_DMA_Abort  stm32f4xx_hal_dma.o
    0x08000734   0x08000734   0x00000024   Code   RO          457    .text.HAL_DMA_Abort_IT  stm32f4xx_hal_dma.o
    0x08000758   0x08000758   0x0000018c   Code   RO          461    .text.HAL_DMA_IRQHandler  stm32f4xx_hal_dma.o
    0x080008e4   0x080008e4   0x000000ce   Code   RO          441    .text.HAL_DMA_Init  stm32f4xx_hal_dma.o
    0x080009b2   0x080009b2   0x00000002   PAD
    0x080009b4   0x080009b4   0x00000062   Code   RO          453    .text.HAL_DMA_Start_IT  stm32f4xx_hal_dma.o
    0x08000a16   0x08000a16   0x00000002   PAD
    0x08000a18   0x08000a18   0x00000028   Code   RO          633    .text.HAL_Delay     stm32f4xx_hal.o
    0x08000a40   0x08000a40   0x00000196   Code   RO          401    .text.HAL_GPIO_Init  stm32f4xx_hal_gpio.o
    0x08000bd6   0x08000bd6   0x00000002   PAD
    0x08000bd8   0x08000bd8   0x0000000a   Code   RO          405    .text.HAL_GPIO_ReadPin  stm32f4xx_hal_gpio.o
    0x08000be2   0x08000be2   0x00000002   PAD
    0x08000be4   0x08000be4   0x00000010   Code   RO          409    .text.HAL_GPIO_TogglePin  stm32f4xx_hal_gpio.o
    0x08000bf4   0x08000bf4   0x0000000a   Code   RO          407    .text.HAL_GPIO_WritePin  stm32f4xx_hal_gpio.o
    0x08000bfe   0x08000bfe   0x00000002   PAD
    0x08000c00   0x08000c00   0x0000000c   Code   RO          625    .text.HAL_GetTick   stm32f4xx_hal.o
    0x08000c0c   0x08000c0c   0x0000001a   Code   RO          623    .text.HAL_IncTick   stm32f4xx_hal.o
    0x08000c26   0x08000c26   0x00000002   PAD
    0x08000c28   0x08000c28   0x00000036   Code   RO          613    .text.HAL_Init      stm32f4xx_hal.o
    0x08000c5e   0x08000c5e   0x00000002   PAD
    0x08000c60   0x08000c60   0x00000050   Code   RO          615    .text.HAL_InitTick  stm32f4xx_hal.o
    0x08000cb0   0x08000cb0   0x00000038   Code   RO          135    .text.HAL_MspInit   stm32f4xx_hal_msp.o
    0x08000ce8   0x08000ce8   0x00000008   Code   RO          553    .text.HAL_NVIC_EnableIRQ  stm32f4xx_hal_cortex.o
    0x08000cf0   0x08000cf0   0x0000001e   Code   RO          545    .text.HAL_NVIC_SetPriority  stm32f4xx_hal_cortex.o
    0x08000d0e   0x08000d0e   0x00000002   PAD
    0x08000d10   0x08000d10   0x00000008   Code   RO          541    .text.HAL_NVIC_SetPriorityGrouping  stm32f4xx_hal_cortex.o
    0x08000d18   0x08000d18   0x00000160   Code   RO          265    .text.HAL_RCC_ClockConfig  stm32f4xx_hal_rcc.o
    0x08000e78   0x08000e78   0x0000000c   Code   RO          275    .text.HAL_RCC_GetHCLKFreq  stm32f4xx_hal_rcc.o
    0x08000e84   0x08000e84   0x00000022   Code   RO          277    .text.HAL_RCC_GetPCLK1Freq  stm32f4xx_hal_rcc.o
    0x08000ea6   0x08000ea6   0x00000002   PAD
    0x08000ea8   0x08000ea8   0x00000022   Code   RO          279    .text.HAL_RCC_GetPCLK2Freq  stm32f4xx_hal_rcc.o
    0x08000eca   0x08000eca   0x00000002   PAD
    0x08000ecc   0x08000ecc   0x0000006a   Code   RO          267    .text.HAL_RCC_GetSysClockFreq  stm32f4xx_hal_rcc.o
    0x08000f36   0x08000f36   0x00000002   PAD
    0x08000f38   0x08000f38   0x00000348   Code   RO          263    .text.HAL_RCC_OscConfig  stm32f4xx_hal_rcc.o
    0x08001280   0x08001280   0x000000b4   Code   RO          143    .text.HAL_SPI_Init  stm32f4xx_hal_spi.o
    0x08001334   0x08001334   0x000000ac   Code   RO           55    .text.HAL_SPI_MspInit  spi.o
    0x080013e0   0x080013e0   0x0000017c   Code   RO          151    .text.HAL_SPI_Transmit  stm32f4xx_hal_spi.o
    0x0800155c   0x0800155c   0x000001e2   Code   RO          157    .text.HAL_SPI_TransmitReceive  stm32f4xx_hal_spi.o
    0x0800173e   0x0800173e   0x00000002   PAD
    0x08001740   0x08001740   0x00000008   Code   RO          565    .text.HAL_SYSTICK_Config  stm32f4xx_hal_cortex.o
    0x08001748   0x08001748   0x00000002   Code   RO         1028    .text.HAL_TIMEx_BreakCallback  stm32f4xx_hal_tim_ex.o
    0x0800174a   0x0800174a   0x00000002   PAD
    0x0800174c   0x0800174c   0x00000002   Code   RO         1024    .text.HAL_TIMEx_CommutCallback  stm32f4xx_hal_tim_ex.o
    0x0800174e   0x0800174e   0x00000002   PAD
    0x08001750   0x08001750   0x000000b8   Code   RO         1018    .text.HAL_TIMEx_MasterConfigSynchronization  stm32f4xx_hal_tim_ex.o
    0x08001808   0x08001808   0x0000005a   Code   RO          704    .text.HAL_TIM_Base_Init  stm32f4xx_hal_tim.o
    0x08001862   0x08001862   0x00000002   PAD
    0x08001864   0x08001864   0x00000072   Code   RO           74    .text.HAL_TIM_Base_MspInit  tim.o
    0x080018d6   0x080018d6   0x00000002   PAD
    0x080018d8   0x080018d8   0x000000a8   Code   RO          718    .text.HAL_TIM_Base_Start_IT  stm32f4xx_hal_tim.o
    0x08001980   0x08001980   0x000000de   Code   RO          896    .text.HAL_TIM_ConfigClockSource  stm32f4xx_hal_tim.o
    0x08001a5e   0x08001a5e   0x00000002   PAD
    0x08001a60   0x08001a60   0x00000002   Code   RO          840    .text.HAL_TIM_IC_CaptureCallback  stm32f4xx_hal_tim.o
    0x08001a62   0x08001a62   0x00000002   PAD
    0x08001a64   0x08001a64   0x0000016a   Code   RO          838    .text.HAL_TIM_IRQHandler  stm32f4xx_hal_tim.o
    0x08001bce   0x08001bce   0x00000002   PAD
    0x08001bd0   0x08001bd0   0x0000005a   Code   RO           70    .text.HAL_TIM_MspPostInit  tim.o
    0x08001c2a   0x08001c2a   0x00000002   PAD
    0x08001c2c   0x08001c2c   0x00000002   Code   RO          842    .text.HAL_TIM_OC_DelayElapsedCallback  stm32f4xx_hal_tim.o
    0x08001c2e   0x08001c2e   0x00000002   PAD
    0x08001c30   0x08001c30   0x00000098   Code   RO          870    .text.HAL_TIM_PWM_ConfigChannel  stm32f4xx_hal_tim.o
    0x08001cc8   0x08001cc8   0x0000005a   Code   RO          758    .text.HAL_TIM_PWM_Init  stm32f4xx_hal_tim.o
    0x08001d22   0x08001d22   0x00000002   PAD
    0x08001d24   0x08001d24   0x00000002   Code   RO          760    .text.HAL_TIM_PWM_MspInit  stm32f4xx_hal_tim.o
    0x08001d26   0x08001d26   0x00000002   PAD
    0x08001d28   0x08001d28   0x00000002   Code   RO          844    .text.HAL_TIM_PWM_PulseFinishedCallback  stm32f4xx_hal_tim.o
    0x08001d2a   0x08001d2a   0x00000002   PAD
    0x08001d2c   0x08001d2c   0x00000122   Code   RO          766    .text.HAL_TIM_PWM_Start  stm32f4xx_hal_tim.o
    0x08001e4e   0x08001e4e   0x00000002   PAD
    0x08001e50   0x08001e50   0x00000082   Code   RO          768    .text.HAL_TIM_PWM_Stop  stm32f4xx_hal_tim.o
    0x08001ed2   0x08001ed2   0x00000002   PAD
    0x08001ed4   0x08001ed4   0x00000020   Code   RO           17    .text.HAL_TIM_PeriodElapsedCallback  main.o
    0x08001ef4   0x08001ef4   0x00000002   Code   RO          848    .text.HAL_TIM_TriggerCallback  stm32f4xx_hal_tim.o
    0x08001ef6   0x08001ef6   0x00000002   PAD
    0x08001ef8   0x08001ef8   0x00000002   Code   RO         1132    .text.HAL_UARTEx_RxEventCallback  stm32f4xx_hal_uart.o
    0x08001efa   0x08001efa   0x00000002   PAD
    0x08001efc   0x08001efc   0x00000002   Code   RO         1130    .text.HAL_UART_ErrorCallback  stm32f4xx_hal_uart.o
    0x08001efe   0x08001efe   0x00000002   PAD
    0x08001f00   0x08001f00   0x0000023a   Code   RO         1124    .text.HAL_UART_IRQHandler  stm32f4xx_hal_uart.o
    0x0800213a   0x0800213a   0x00000002   PAD
    0x0800213c   0x0800213c   0x0000005e   Code   RO         1042    .text.HAL_UART_Init  stm32f4xx_hal_uart.o
    0x0800219a   0x0800219a   0x00000002   PAD
    0x0800219c   0x0800219c   0x000000c6   Code   RO           90    .text.HAL_UART_MspInit  usart.o
    0x08002262   0x08002262   0x00000002   PAD
    0x08002264   0x08002264   0x00000038   Code   RO         1078    .text.HAL_UART_Receive_DMA  stm32f4xx_hal_uart.o
    0x0800229c   0x0800229c   0x0000001e   Code   RO         1193    .text.HAL_UART_RxCpltCallback  serial.o
    0x080022ba   0x080022ba   0x00000002   PAD
    0x080022bc   0x080022bc   0x00000002   Code   RO         1144    .text.HAL_UART_RxHalfCpltCallback  stm32f4xx_hal_uart.o
    0x080022be   0x080022be   0x00000002   PAD
    0x080022c0   0x080022c0   0x000000cc   Code   RO         1058    .text.HAL_UART_Transmit  stm32f4xx_hal_uart.o
    0x0800238c   0x0800238c   0x00000002   Code   RO         1138    .text.HAL_UART_TxCpltCallback  stm32f4xx_hal_uart.o
    0x0800238e   0x0800238e   0x00000002   PAD
    0x08002390   0x08002390   0x00000002   Code   RO          106    .text.HardFault_Handler  stm32f4xx_it.o
    0x08002392   0x08002392   0x00000002   PAD
    0x08002394   0x08002394   0x00000036   Code   RO           44    .text.MX_DMA_Init   dma.o
    0x080023ca   0x080023ca   0x00000002   PAD
    0x080023cc   0x080023cc   0x000000be   Code   RO           35    .text.MX_GPIO_Init  gpio.o
    0x0800248a   0x0800248a   0x00000002   PAD
    0x0800248c   0x0800248c   0x00000048   Code   RO           53    .text.MX_SPI3_Init  spi.o
    0x080024d4   0x080024d4   0x000000ce   Code   RO           68    .text.MX_TIM3_Init  tim.o
    0x080025a2   0x080025a2   0x00000002   PAD
    0x080025a4   0x080025a4   0x00000054   Code   RO           72    .text.MX_TIM6_Init  tim.o
    0x080025f8   0x080025f8   0x00000038   Code   RO           88    .text.MX_USART1_UART_Init  usart.o
    0x08002630   0x08002630   0x00000026   Code   RO         1222    .text.Max31865_autoConvert  max31865.o
    0x08002656   0x08002656   0x00000002   PAD
    0x08002658   0x08002658   0x0000001a   Code   RO         1218    .text.Max31865_clearFault  max31865.o
    0x08002672   0x08002672   0x00000002   PAD
    0x08002674   0x08002674   0x00000008   Code   RO         1206    .text.Max31865_delay  max31865.o
    0x0800267c   0x0800267c   0x00000026   Code   RO         1220    .text.Max31865_enableBias  max31865.o
    0x080026a2   0x080026a2   0x00000002   PAD
    0x080026a4   0x080026a4   0x00000068   Code   RO         1230    .text.Max31865_init  max31865.o
    0x0800270c   0x0800270c   0x0000000a   Code   RO         1216    .text.Max31865_readFault  max31865.o
    0x08002716   0x08002716   0x00000002   PAD
    0x08002718   0x08002718   0x0000003c   Code   RO         1228    .text.Max31865_readRTD  max31865.o
    0x08002754   0x08002754   0x00000020   Code   RO         1212    .text.Max31865_readRegister16  max31865.o
    0x08002774   0x08002774   0x0000001c   Code   RO         1210    .text.Max31865_readRegister8  max31865.o
    0x08002790   0x08002790   0x0000006a   Code   RO         1208    .text.Max31865_readRegisterN  max31865.o
    0x080027fa   0x080027fa   0x00000006   PAD
    0x08002800   0x08002800   0x000001e4   Code   RO         1232    .text.Max31865_readTemp  max31865.o
    0x080029e4   0x080029e4   0x00000026   Code   RO         1226    .text.Max31865_setFilter  max31865.o
    0x08002a0a   0x08002a0a   0x00000002   PAD
    0x08002a0c   0x08002a0c   0x00000026   Code   RO         1224    .text.Max31865_setWires  max31865.o
    0x08002a32   0x08002a32   0x00000002   PAD
    0x08002a34   0x08002a34   0x0000004e   Code   RO         1214    .text.Max31865_writeRegister8  max31865.o
    0x08002a82   0x08002a82   0x00000002   PAD
    0x08002a84   0x08002a84   0x00000002   Code   RO          108    .text.MemManage_Handler  stm32f4xx_it.o
    0x08002a86   0x08002a86   0x00000002   PAD
    0x08002a88   0x08002a88   0x00000002   Code   RO          104    .text.NMI_Handler   stm32f4xx_it.o
    0x08002a8a   0x08002a8a   0x00000002   PAD
    0x08002a8c   0x08002a8c   0x0000002c   Code   RO          551    .text.NVIC_EncodePriority  stm32f4xx_hal_cortex.o
    0x08002ab8   0x08002ab8   0x00000002   Code   RO          118    .text.PendSV_Handler  stm32f4xx_it.o
    0x08002aba   0x08002aba   0x00000002   PAD
    0x08002abc   0x08002abc   0x0000006c   Code   RO         1189    .text.ProcessReceiveCommand  serial.o
    0x08002b28   0x08002b28   0x00000064   Code   RO          153    .text.SPI_EndRxTxTransaction  stm32f4xx_hal_spi.o
    0x08002b8c   0x08002b8c   0x000000ce   Code   RO          251    .text.SPI_WaitFlagStateUntilTimeout  stm32f4xx_hal_spi.o
    0x08002c5a   0x08002c5a   0x00000002   PAD
    0x08002c5c   0x08002c5c   0x00000002   Code   RO          114    .text.SVC_Handler   stm32f4xx_it.o
    0x08002c5e   0x08002c5e   0x00000002   PAD
    0x08002c60   0x08002c60   0x00000058   Code   RO         1191    .text.Send_CurrentTemperatureToPC  serial.o
    0x08002cb8   0x08002cb8   0x0000001a   Code   RO         1187    .text.SerialConnect_Init  serial.o
    0x08002cd2   0x08002cd2   0x00000002   PAD
    0x08002cd4   0x08002cd4   0x0000002e   Code   RO          567    .text.SysTick_Config  stm32f4xx_hal_cortex.o
    0x08002d02   0x08002d02   0x00000002   PAD
    0x08002d04   0x08002d04   0x00000008   Code   RO          120    .text.SysTick_Handler  stm32f4xx_it.o
    0x08002d0c   0x08002d0c   0x000000a0   Code   RO           13    .text.SystemClock_Config  main.o
    0x08002dac   0x08002dac   0x00000012   Code   RO         1172    .text.SystemInit    system_stm32f4xx.o
    0x08002dbe   0x08002dbe   0x00000002   PAD
    0x08002dc0   0x08002dc0   0x00000010   Code   RO          124    .text.TIM6_DAC_IRQHandler  stm32f4xx_it.o
    0x08002dd0   0x08002dd0   0x00000124   Code   RO          708    .text.TIM_Base_SetConfig  stm32f4xx_hal_tim.o
    0x08002ef4   0x08002ef4   0x00000024   Code   RO          742    .text.TIM_CCxChannelCmd  stm32f4xx_hal_tim.o
    0x08002f18   0x08002f18   0x00000016   Code   RO          894    .text.TIM_ETR_SetConfig  stm32f4xx_hal_tim.o
    0x08002f2e   0x08002f2e   0x00000002   PAD
    0x08002f30   0x08002f30   0x00000010   Code   RO          900    .text.TIM_ITRx_SetConfig  stm32f4xx_hal_tim.o
    0x08002f40   0x08002f40   0x00000064   Code   RO          852    .text.TIM_OC1_SetConfig  stm32f4xx_hal_tim.o
    0x08002fa4   0x08002fa4   0x0000006a   Code   RO          854    .text.TIM_OC2_SetConfig  stm32f4xx_hal_tim.o
    0x0800300e   0x0800300e   0x00000002   PAD
    0x08003010   0x08003010   0x00000068   Code   RO          856    .text.TIM_OC3_SetConfig  stm32f4xx_hal_tim.o
    0x08003078   0x08003078   0x0000004e   Code   RO          858    .text.TIM_OC4_SetConfig  stm32f4xx_hal_tim.o
    0x080030c6   0x080030c6   0x00000002   PAD
    0x080030c8   0x080030c8   0x00000022   Code   RO          898    .text.TIM_TI1_ConfigInputStage  stm32f4xx_hal_tim.o
    0x080030ea   0x080030ea   0x00000002   PAD
    0x080030ec   0x080030ec   0x00000024   Code   RO          902    .text.TIM_TI2_ConfigInputStage  stm32f4xx_hal_tim.o
    0x08003110   0x08003110   0x00000010   Code   RO         1128    .text.UART_DMAAbortOnError  stm32f4xx_hal_uart.o
    0x08003120   0x08003120   0x0000004c   Code   RO         1076    .text.UART_DMAError  stm32f4xx_hal_uart.o
    0x0800316c   0x0800316c   0x00000080   Code   RO         1160    .text.UART_DMAReceiveCplt  stm32f4xx_hal_uart.o
    0x080031ec   0x080031ec   0x0000001a   Code   RO         1162    .text.UART_DMARxHalfCplt  stm32f4xx_hal_uart.o
    0x08003206   0x08003206   0x00000002   PAD
    0x08003208   0x08003208   0x00000050   Code   RO         1090    .text.UART_EndRxTransfer  stm32f4xx_hal_uart.o
    0x08003258   0x08003258   0x00000018   Code   RO         1136    .text.UART_EndTransmit_IT  stm32f4xx_hal_uart.o
    0x08003270   0x08003270   0x0000001c   Code   RO         1088    .text.UART_EndTxTransfer  stm32f4xx_hal_uart.o
    0x0800328c   0x0800328c   0x000000c4   Code   RO         1126    .text.UART_Receive_IT  stm32f4xx_hal_uart.o
    0x08003350   0x08003350   0x000000dc   Code   RO         1046    .text.UART_SetConfig  stm32f4xx_hal_uart.o
    0x0800342c   0x0800342c   0x00000096   Code   RO         1080    .text.UART_Start_Receive_DMA  stm32f4xx_hal_uart.o
    0x080034c2   0x080034c2   0x00000002   PAD
    0x080034c4   0x080034c4   0x00000052   Code   RO         1134    .text.UART_Transmit_IT  stm32f4xx_hal_uart.o
    0x08003516   0x08003516   0x00000002   PAD
    0x08003518   0x08003518   0x0000007a   Code   RO         1060    .text.UART_WaitOnFlagUntilTimeout  stm32f4xx_hal_uart.o
    0x08003592   0x08003592   0x00000002   PAD
    0x08003594   0x08003594   0x00000010   Code   RO          122    .text.USART1_IRQHandler  stm32f4xx_it.o
    0x080035a4   0x080035a4   0x00000030   Code   RO         1250    .text.UpdateTemperature  flowcelltemp.o
    0x080035d4   0x080035d4   0x00000002   Code   RO          112    .text.UsageFault_Handler  stm32f4xx_it.o
    0x080035d6   0x080035d6   0x00000002   PAD
    0x080035d8   0x080035d8   0x00000018   Code   RO           19    .text.User_Init     main.o
    0x080035f0   0x080035f0   0x00000020   Code   RO          555    .text.__NVIC_EnableIRQ  stm32f4xx_hal_cortex.o
    0x08003610   0x08003610   0x00000010   Code   RO          547    .text.__NVIC_GetPriorityGrouping  stm32f4xx_hal_cortex.o
    0x08003620   0x08003620   0x00000022   Code   RO          549    .text.__NVIC_SetPriority  stm32f4xx_hal_cortex.o
    0x08003642   0x08003642   0x00000002   PAD
    0x08003644   0x08003644   0x00000020   Code   RO          543    .text.__NVIC_SetPriorityGrouping  stm32f4xx_hal_cortex.o
    0x08003664   0x08003664   0x00000008   Code   RO           23    .text.loop_process_1000ms  main.o
    0x0800366c   0x0800366c   0x00000032   Code   RO           21    .text.loop_process_200ms  main.o
    0x0800369e   0x0800369e   0x00000002   PAD
    0x080036a0   0x080036a0   0x000000b4   Code   RO           11    .text.main          main.o
    0x08003754   0x08003754   0x0000003a   Code   RO         1297    i.__hardfp_sqrtf    m_wm.l(sqrtf.o)
    0x0800378e   0x0800378e   0x00000002   PAD
    0x08003790   0x08003790   0x00000062   Code   RO         1285    x$fpl$d2f           fz_wm.l(d2f.o)
    0x080037f2   0x080037f2   0x00000002   PAD
    0x080037f4   0x080037f4   0x00000150   Code   RO         1287    x$fpl$dadd          fz_wm.l(daddsub_clz.o)
    0x08003944   0x08003944   0x00000154   Code   RO         1293    x$fpl$dmul          fz_wm.l(dmul.o)
    0x08003a98   0x08003a98   0x0000009c   Code   RO         1310    x$fpl$dnaninf       fz_wm.l(dnaninf.o)
    0x08003b34   0x08003b34   0x0000000c   Code   RO         1312    x$fpl$dretinf       fz_wm.l(dretinf.o)
    0x08003b40   0x08003b40   0x000001dc   Code   RO         1289    x$fpl$dsub          fz_wm.l(daddsub_clz.o)
    0x08003d1c   0x08003d1c   0x00000056   Code   RO         1295    x$fpl$f2d           fz_wm.l(f2d.o)
    0x08003d72   0x08003d72   0x0000008c   Code   RO         1314    x$fpl$fnaninf       fz_wm.l(fnaninf.o)
    0x08003dfe   0x08003dfe   0x0000001a   Code   RO         1428    x$fpl$fpinit        fz_wm.l(fpinit.o)
    0x08003e18   0x08003e18   0x0000000a   Code   RO         1316    x$fpl$fretinf       fz_wm.l(fretinf.o)
    0x08003e22   0x08003e22   0x00000000   Code   RO         1318    x$fpl$usenofp       fz_wm.l(usenofp.o)
    0x08003e22   0x08003e22   0x00000010   Data   RO         1177    .rodata.AHBPrescTable  system_stm32f4xx.o
    0x08003e32   0x08003e32   0x00000008   Data   RO         1178    .rodata.APBPrescTable  system_stm32f4xx.o
    0x08003e3a   0x08003e3a   0x00000002   PAD
    0x08003e3c   0x08003e3c   0x00000020   Data   RO         1489    Region$$Table       anon$$obj.o


    Execution Region RW_IRAM2 (Exec base: 0x10000000, Load base: 0x08003e88, Size: 0x00000000, Max: 0x00010000, ABSOLUTE)

    **** No section assigned to this execution region ****


    Execution Region RW_IRAM1 (Exec base: 0x20000000, Load base: 0x08003e60, Size: 0x00000848, Max: 0x00020000, ABSOLUTE)

    Exec Addr    Load Addr    Size         Type   Attr      Idx    E Section Name        Object

    0x20000000   0x08003e60   0x00000004   Data   RW         1176    .data.SystemCoreClock  system_stm32f4xx.o
    0x20000004   0x08003e64   0x00000004   Data   RW         1259    .data.kd            flowcelltemp.o
    0x20000008   0x08003e68   0x00000004   Data   RW         1258    .data.ki            flowcelltemp.o
    0x2000000c   0x08003e6c   0x00000004   Data   RW         1257    .data.kp            flowcelltemp.o
    0x20000010   0x08003e70   0x00000006   Data   RW         1197    .data.rx_buf_pc     serial.o
    0x20000016   0x08003e76   0x00000002   PAD
    0x20000018   0x08003e78   0x00000004   Data   RW         1266    .data.setup_temp    flowcelltemp.o
    0x2000001c   0x08003e7c   0x00000006   Data   RW         1196    .data.tx_buf_pc     serial.o
    0x20000022   0x08003e82   0x00000001   Data   RW          668    .data.uwTickFreq    stm32f4xx_hal.o
    0x20000023   0x08003e83   0x00000001   PAD
    0x20000024   0x08003e84   0x00000004   Data   RW          667    .data.uwTickPrio    stm32f4xx_hal.o
    0x20000028        -       0x00000060   Zero   RW         1342    .bss                c_w.l(libspace.o)
    0x20000088        -       0x00000001   Zero   RW         1195    .bss.Ready_PCCommand  serial.o
    0x20000089        -       0x00000001   Zero   RW         1256    .bss.TempControl_Running  flowcelltemp.o
    0x2000008a   0x08003e88   0x00000002   PAD
    0x2000008c        -       0x00000004   Zero   RW         1260    .bss.err            flowcelltemp.o
    0x20000090        -       0x00000004   Zero   RW         1265    .bss.flowcell_temp  flowcelltemp.o
    0x20000094        -       0x00000060   Zero   RW           95    .bss.hdma_usart1_rx  usart.o
    0x200000f4        -       0x00000058   Zero   RW           59    .bss.hspi3          spi.o
    0x2000014c        -       0x00000048   Zero   RW           78    .bss.htim3          tim.o
    0x20000194        -       0x00000048   Zero   RW           79    .bss.htim6          tim.o
    0x200001dc        -       0x00000044   Zero   RW           94    .bss.huart1         usart.o
    0x20000220        -       0x00000004   Zero   RW         1262    .bss.last_temp      flowcelltemp.o
    0x20000224        -       0x00000004   Zero   RW         1263    .bss.pid_output     flowcelltemp.o
    0x20000228        -       0x00000010   Zero   RW         1267    .bss.pt100          flowcelltemp.o
    0x20000238        -       0x00000002   Zero   RW         1264    .bss.pwmOutput      flowcelltemp.o
    0x2000023a   0x08003e88   0x00000002   PAD
    0x2000023c        -       0x00000004   Zero   RW         1261    .bss.sum_err        flowcelltemp.o
    0x20000240        -       0x00000001   Zero   RW           25    .bss.tim6_tick      main.o
    0x20000241   0x08003e88   0x00000003   PAD
    0x20000244        -       0x00000004   Zero   RW          669    .bss.uwTick         stm32f4xx_hal.o
    0x20000248        -       0x00000200   Zero   RW            2    HEAP                startup_stm32f407xx.o
    0x20000448        -       0x00000400   Zero   RW            1    STACK               startup_stm32f407xx.o


==============================================================================

Image component sizes


      Code (inc. data)   RO Data    RW Data    ZI Data      Debug   Object Name

        54          0          0          0          0       3312   dma.o
       450         12          0         16         39       5292   flowcelltemp.o
       190          0          0          0          0       2205   gpio.o
       464          0          0          0          1       6407   main.o
      1088         76          0          0          0       8908   max31865.o
       252          8          0         12          1       3943   serial.o
       244          0          0          0         88       5041   spi.o
        64         26        392          0       1536        856   startup_stm32f407xx.o
       212          0          0          5          4       7297   stm32f4xx_hal.o
       258          0          0          0          0      10744   stm32f4xx_hal_cortex.o
      1052         12          0          0          0       9280   stm32f4xx_hal_dma.o
       442          0          0          0          0       5219   stm32f4xx_hal_gpio.o
        56          0          0          0          0       1465   stm32f4xx_hal_msp.o
      1378          0          0          0          0       7361   stm32f4xx_hal_rcc.o
      1348          0          0          0          0      21684   stm32f4xx_hal_spi.o
      2338          4          0          0          0      44924   stm32f4xx_hal_tim.o
       188          0          0          0          0      19251   stm32f4xx_hal_tim_ex.o
      2080          0          0          0          0      24680   stm32f4xx_hal_uart.o
        72          0          0          0          0       2507   stm32f4xx_it.o
        18          0         24          4          0       2650   system_stm32f4xx.o
       494          0          0          0        144       8295   tim.o
       254          0          0          0        164       6806   usart.o

    ----------------------------------------------------------------------
     13140        138        450         40       1984     208127   Object Totals
         0          0         32          0          0          0   (incl. Generated)
       144          0          2          3          7          0   (incl. Padding)

    ----------------------------------------------------------------------

      Code (inc. data)   RO Data    RW Data    ZI Data      Debug   Library Member Name

         8          0          0          0          0         68   __main.o
         0          0          0          0          0          0   __rtentry.o
        12          0          0          0          0          0   __rtentry2.o
         6          0          0          0          0          0   __rtentry4.o
        52          8          0          0          0          0   __scatter.o
        26          0          0          0          0          0   __scatter_copy.o
        28          0          0          0          0          0   __scatter_zi.o
        22          0          0          0          0        100   _rserrno.o
        18          0          0          0          0         80   exit.o
         6          0          0          0          0        152   heapauxi.o
         0          0          0          0          0          0   indicate_semi.o
         2          0          0          0          0          0   libinit.o
         6          0          0          0          0          0   libinit2.o
         2          0          0          0          0          0   libshutdown.o
         2          0          0          0          0          0   libshutdown2.o
         8          4          0          0         96         68   libspace.o
       240          0          0          0          0        100   lludivv7m.o
         8          4          0          0          0         68   rt_errno_addr_intlibspace.o
        78          0          0          0          0         80   rt_memclr_w.o
         2          0          0          0          0          0   rtexit.o
        10          0          0          0          0          0   rtexit2.o
        12          4          0          0          0         68   sys_exit.o
        74          0          0          0          0         80   sys_stackheap_outer.o
         2          0          0          0          0         68   use_no_semi.o
        98          4          0          0          0        140   d2f.o
       812         16          0          0          0        392   daddsub_clz.o
       340         12          0          0          0        152   dmul.o
       156          4          0          0          0        140   dnaninf.o
        12          0          0          0          0        116   dretinf.o
        86          4          0          0          0        132   f2d.o
       140          4          0          0          0        132   fnaninf.o
        26          0          0          0          0        116   fpinit.o
        10          0          0          0          0        116   fretinf.o
         0          0          0          0          0          0   usenofp.o
        58          0          0          0          0        136   sqrtf.o

    ----------------------------------------------------------------------
      2374         64          0          0         96       2504   Library Totals
        12          0          0          0          0          0   (incl. Padding)

    ----------------------------------------------------------------------

      Code (inc. data)   RO Data    RW Data    ZI Data      Debug   Library Name

       624         20          0          0         96        932   c_w.l
      1680         44          0          0          0       1436   fz_wm.l
        58          0          0          0          0        136   m_wm.l

    ----------------------------------------------------------------------
      2374         64          0          0         96       2504   Library Totals

    ----------------------------------------------------------------------

==============================================================================


      Code (inc. data)   RO Data    RW Data    ZI Data      Debug   

     15514        202        450         40       2080     208967   Grand Totals
     15514        202        450         40       2080     208967   ELF Image Totals
     15514        202        450         40          0          0   ROM Totals

==============================================================================

    Total RO  Size (Code + RO Data)                15964 (  15.59kB)
    Total RW  Size (RW Data + ZI Data)              2120 (   2.07kB)
    Total ROM Size (Code + RO Data + RW Data)      16004 (  15.63kB)

==============================================================================

